03-18 17:35:05.834  5324  5922 W Backup  : [GmsBackupTransport] Error logging monitor event
03-18 17:35:07.813  5324  5922 W Backup  : [GmsBackupTransport] Error logging monitor event
03-18 17:35:07.953  5324  5922 W Backup  : [GmsBackupTransport] Error logging monitor event
03-18 17:35:09.110  5731 30201 E PhenotypeModule: java.lang.IllegalStateException: Get empty configurations.
03-18 17:35:09.111  5731 30201 E PhenotypeModule: java.lang.IllegalStateException: Get empty configurations.
03-18 17:35:09.365  5324  5922 W Backup  : [GmsBackupTransport] Error logging monitor event
03-18 17:35:11.266  5324  6704 W Backup  : [GmsBackupTransport] Error logging monitor event
03-18 17:35:13.634  5324 20186 W Backup  : [GmsBackupTransport] Error logging monitor event
03-18 17:38:31.914  5324 30855 I Pay     : Suppressing StorageKeyException as Keystore encryption is enabled. [CONTEXT service_id=198 ]
03-18 17:38:32.043  5324 31665 W Pay     : java.util.concurrent.ExecutionException: bfos: 17: API: MdocStore.MDOC_STORE_API is not available on this device. Connection failed with: ConnectionResult{statusCode=API_UNAVAILABLE, resolution=null, message=null, clientMethodKey=null}
03-18 17:38:33.991  4918 31584 W FlagUpdateListenerRegis: Unable to invoke IFlagUpdateListener.onFlagUpdate. App: com.google.android.apps.maps. Process: com.google.android.apps.maps|59903695. Error: android.os.DeadObjectException. [CONTEXT service_id=51 ]
03-18 17:38:33.992  4918 31584 W FlagUpdateListenerRegis: Unable to invoke IFlagUpdateListener.onFlagUpdate. App: com.google.android.apps.maps. Process: com.google.android.apps.maps|34737636. Error: android.os.DeadObjectException. [CONTEXT service_id=51 ]
03-18 17:38:33.992  4918 31584 W FlagUpdateListenerRegis: Unable to invoke IFlagUpdateListener.onFlagUpdate. App: com.google.android.apps.maps. Process: com.google.android.apps.maps|240395225. Error: android.os.DeadObjectException. [CONTEXT service_id=51 ]
03-18 17:38:33.992  4918 31584 W FlagUpdateListenerRegis: Unable to invoke IFlagUpdateListener.onFlagUpdate. App: com.google.android.apps.maps. Process: com.google.android.apps.maps|94916899. Error: android.os.DeadObjectException. [CONTEXT service_id=51 ]
03-18 17:38:33.992  4918 31584 W FlagUpdateListenerRegis: Unable to invoke IFlagUpdateListener.onFlagUpdate. App: com.google.android.apps.wellbeing. Process: com.google.android.apps.wellbeing|90891955. Error: android.os.DeadObjectException. [CONTEXT service_id=51 ]
03-18 17:38:33.993  4918 31584 W FlagUpdateListenerRegis: Unable to invoke IFlagUpdateListener.onFlagUpdate. App: com.google.android.apps.wellbeing. Process: com.google.android.apps.wellbeing|37811312. Error: android.os.DeadObjectException. [CONTEXT service_id=51 ]
03-18 17:38:33.993  4918 31584 W FlagUpdateListenerRegis: Unable to invoke IFlagUpdateListener.onFlagUpdate. App: com.google.android.apps.wellbeing. Process: com.google.android.apps.wellbeing|13893081. Error: android.os.DeadObjectException. [CONTEXT service_id=51 ]
03-18 17:38:33.993  4918 31584 W FlagUpdateListenerRegis: Unable to invoke IFlagUpdateListener.onFlagUpdate. App: com.google.android.apps.wellbeing. Process: com.google.android.apps.wellbeing|76440498. Error: android.os.DeadObjectException. [CONTEXT service_id=51 ]
03-18 17:38:33.993  4918 31584 W FlagUpdateListenerRegis: Unable to invoke IFlagUpdateListener.onFlagUpdate. App: com.google.android.apps.wellbeing. Process: com.google.android.apps.wellbeing|100110073. Error: android.os.DeadObjectException. [CONTEXT service_id=51 ]
03-18 17:38:33.993  4918 31584 W FlagUpdateListenerRegis: Unable to invoke IFlagUpdateListener.onFlagUpdate. App: com.google.android.apps.wellbeing. Process: com.google.android.apps.wellbeing|93187646. Error: android.os.DeadObjectException. [CONTEXT service_id=51 ]
03-18 17:38:33.993  4918 31584 W FlagUpdateListenerRegis: Unable to invoke IFlagUpdateListener.onFlagUpdate. App: com.google.android.apps.wellbeing. Process: com.google.android.apps.wellbeing|43833803. Error: android.os.DeadObjectException. [CONTEXT service_id=51 ]
03-18 17:38:33.993  4918 31584 W FlagUpdateListenerRegis: Unable to invoke IFlagUpdateListener.onFlagUpdate. App: com.google.android.apps.wellbeing. Process: com.google.android.apps.wellbeing|77596110. Error: android.os.DeadObjectException. [CONTEXT service_id=51 ]
03-18 17:38:33.994  4918 31584 W FlagUpdateListenerRegis: Unable to invoke IFlagUpdateListener.onFlagUpdate. App: com.google.android.apps.wellbeing. Process: com.google.android.apps.wellbeing|106019622. Error: android.os.DeadObjectException. [CONTEXT service_id=51 ]
03-18 17:38:33.994  4918 31584 W FlagUpdateListenerRegis: Unable to invoke IFlagUpdateListener.onFlagUpdate. App: com.google.android.apps.wellbeing. Process: com.google.android.apps.wellbeing|135219613. Error: android.os.DeadObjectException. [CONTEXT service_id=51 ]
03-18 17:38:33.994  4918 31584 W FlagUpdateListenerRegis: Unable to invoke IFlagUpdateListener.onFlagUpdate. App: com.google.android.apps.wellbeing. Process: com.google.android.apps.wellbeing|193249462. Error: android.os.DeadObjectException. [CONTEXT service_id=51 ]
03-18 17:38:33.994  4918 31584 W FlagUpdateListenerRegis: Unable to invoke IFlagUpdateListener.onFlagUpdate. App: com.google.android.apps.wellbeing. Process: com.google.android.apps.wellbeing|36829936. Error: android.os.DeadObjectException. [CONTEXT service_id=51 ]
03-18 17:38:33.994  4918 31584 W FlagUpdateListenerRegis: Unable to invoke IFlagUpdateListener.onFlagUpdate. App: com.google.android.apps.wellbeing. Process: com.google.android.apps.wellbeing|194573740. Error: android.os.DeadObjectException. [CONTEXT service_id=51 ]
03-18 17:38:33.994  4918 31584 W FlagUpdateListenerRegis: Unable to invoke IFlagUpdateListener.onFlagUpdate. App: com.google.android.setupwizard. Process: com.google.android.setupwizard. Error: android.os.DeadObjectException. [CONTEXT service_id=51 ]
03-18 17:38:33.995  4918 31584 W FlagUpdateListenerRegis: Unable to invoke IFlagUpdateListener.onFlagUpdate. App: com.spotify.music. Process: com.spotify.music|154371286. Error: android.os.DeadObjectException. [CONTEXT service_id=51 ]
03-18 17:38:33.995  4918 31584 W FlagUpdateListenerRegis: Unable to invoke IFlagUpdateListener.onFlagUpdate. App: com.google.android.gms. Process: com.google.android.gms.ui|9923287. Error: android.os.DeadObjectException. [CONTEXT service_id=51 ]
03-18 17:38:33.995  4918 31584 W FlagUpdateListenerRegis: Unable to invoke IFlagUpdateListener.onFlagUpdate. App: com.google.android.gms. Process: com.google.android.gms.ui|197906078. Error: android.os.DeadObjectException. [CONTEXT service_id=51 ]
03-18 17:38:34.051  4918 31584 W FlagUpdateListenerRegis: Unable to invoke IFlagUpdateListener.onFlagUpdate. App: com.google.android.gms. Process: com.google.android.gms.unstable|31129895. Error: android.os.DeadObjectException. [CONTEXT service_id=51 ]
03-18 17:38:34.051  4918 31584 W FlagUpdateListenerRegis: Unable to invoke IFlagUpdateListener.onFlagUpdate. App: com.google.android.gms. Process: com.google.android.gms.ui|15391797. Error: android.os.DeadObjectException. [CONTEXT service_id=51 ]
03-18 17:38:34.051  4918 31584 W FlagUpdateListenerRegis: Unable to invoke IFlagUpdateListener.onFlagUpdate. App: com.google.android.gms. Process: com.google.android.gms.ui|81380877. Error: android.os.DeadObjectException. [CONTEXT service_id=51 ]
03-18 17:38:34.052  4918 31584 W FlagUpdateListenerRegis: Unable to invoke IFlagUpdateListener.onFlagUpdate. App: com.google.android.gms. Process: com.google.android.gms.unstable|20720635. Error: android.os.DeadObjectException. [CONTEXT service_id=51 ]
03-18 17:38:34.052  4918 31584 W FlagUpdateListenerRegis: Unable to invoke IFlagUpdateListener.onFlagUpdate. App: com.google.android.gms. Process: com.google.android.gms.ui|17278343. Error: android.os.DeadObjectException. [CONTEXT service_id=51 ]
03-18 17:38:34.056  4918 31584 W FlagUpdateListenerRegis: Unable to invoke IFlagUpdateListener.onFlagUpdate. App: com.google.android.gms. Process: com.google.android.gms.unstable|130425733. Error: android.os.DeadObjectException. [CONTEXT service_id=51 ]
03-18 17:38:34.082  4918 31584 W FlagUpdateListenerRegis: Unable to invoke IFlagUpdateListener.onFlagUpdate. App: com.google.android.gms. Process: com.google.android.gms.unstable|102264485. Error: android.os.DeadObjectException. [CONTEXT service_id=51 ]
03-18 17:38:34.082  4918 31584 W FlagUpdateListenerRegis: Unable to invoke IFlagUpdateListener.onFlagUpdate. App: com.google.android.googlequicksearchbox. Process: com.google.android.googlequicksearchbox:googleapp|45053343. Error: android.os.DeadObjectException. [CONTEXT service_id=51 ]
03-18 17:38:34.083  4918 31584 W FlagUpdateListenerRegis: Unable to invoke IFlagUpdateListener.onFlagUpdate. App: com.google.android.googlequicksearchbox. Process: com.google.android.googlequicksearchbox:googleapp|5895585. Error: android.os.DeadObjectException. [CONTEXT service_id=51 ]
03-18 17:38:34.083  4918 31584 W FlagUpdateListenerRegis: Unable to invoke IFlagUpdateListener.onFlagUpdate. App: com.google.android.googlequicksearchbox. Process: com.google.android.googlequicksearchbox:googleapp|239908675. Error: android.os.DeadObjectException. [CONTEXT service_id=51 ]
03-18 17:38:34.083  4918 31584 W FlagUpdateListenerRegis: Unable to invoke IFlagUpdateListener.onFlagUpdate. App: com.google.android.googlequicksearchbox. Process: com.google.android.googlequicksearchbox:googleapp|50562451. Error: android.os.DeadObjectException. [CONTEXT service_id=51 ]
03-18 17:38:34.084  4918 31584 W FlagUpdateListenerRegis: Unable to invoke IFlagUpdateListener.onFlagUpdate. App: com.google.android.googlequicksearchbox. Process: com.google.android.googlequicksearchbox:googleapp|106645239. Error: android.os.DeadObjectException. [CONTEXT service_id=51 ]
03-18 17:38:34.084  4918 31584 W FlagUpdateListenerRegis: Unable to invoke IFlagUpdateListener.onFlagUpdate. App: com.google.android.googlequicksearchbox. Process: com.google.android.googlequicksearchbox:googleapp|767675. Error: android.os.DeadObjectException. [CONTEXT service_id=51 ]
03-18 17:38:34.084  4918 31584 W FlagUpdateListenerRegis: Unable to invoke IFlagUpdateListener.onFlagUpdate. App: com.google.android.contacts. Process: com.google.android.contacts|125218890. Error: android.os.DeadObjectException. [CONTEXT service_id=51 ]
03-18 17:38:34.084  4918 31584 W FlagUpdateListenerRegis: Unable to invoke IFlagUpdateListener.onFlagUpdate. App: com.google.android.contacts. Process: com.google.android.contacts|134724287. Error: android.os.DeadObjectException. [CONTEXT service_id=51 ]
03-18 17:38:34.085  4918 31584 W FlagUpdateListenerRegis: Unable to invoke IFlagUpdateListener.onFlagUpdate. App: com.google.android.contacts. Process: com.google.android.contacts|94438764. Error: android.os.DeadObjectException. [CONTEXT service_id=51 ]
03-18 17:38:34.085  4918 31584 W FlagUpdateListenerRegis: Unable to invoke IFlagUpdateListener.onFlagUpdate. App: com.google.android.apps.restore. Process: com.google.android.apps.restore|104648431. Error: android.os.DeadObjectException. [CONTEXT service_id=51 ]
03-18 17:38:34.085  4918 31584 W FlagUpdateListenerRegis: Unable to invoke IFlagUpdateListener.onFlagUpdate. App: com.google.android.safetycore. Process: com.google.android.safetycore|222968712. Error: android.os.DeadObjectException. [CONTEXT service_id=51 ]
03-18 17:38:34.085  4918 31584 W FlagUpdateListenerRegis: Unable to invoke IFlagUpdateListener.onFlagUpdate. App: com.google.android.apps.nbu.files. Process: com.google.android.apps.nbu.files|209469915. Error: android.os.DeadObjectException. [CONTEXT service_id=51 ]
03-18 17:38:34.086  4918 31584 W FlagUpdateListenerRegis: Unable to invoke IFlagUpdateListener.onFlagUpdate. App: com.google.android.apps.nbu.files. Process: com.google.android.apps.nbu.files|111271684. Error: android.os.DeadObjectException. [CONTEXT service_id=51 ]
03-18 17:38:34.086  4918 31584 W FlagUpdateListenerRegis: Unable to invoke IFlagUpdateListener.onFlagUpdate. App: com.google.android.apps.nbu.files. Process: com.google.android.apps.nbu.files|202640205. Error: android.os.DeadObjectException. [CONTEXT service_id=51 ]
03-18 17:38:34.086  4918 31584 W FlagUpdateListenerRegis: Unable to invoke IFlagUpdateListener.onFlagUpdate. App: com.google.android.apps.nbu.files. Process: com.google.android.apps.nbu.files|60982299. Error: android.os.DeadObjectException. [CONTEXT service_id=51 ]
03-18 17:38:34.086  4918 31584 W FlagUpdateListenerRegis: Unable to invoke IFlagUpdateListener.onFlagUpdate. App: com.google.android.apps.photos. Process: com.google.android.apps.photos|221633511. Error: android.os.DeadObjectException. [CONTEXT service_id=51 ]
03-18 17:38:34.087  4918 31584 W FlagUpdateListenerRegis: Unable to invoke IFlagUpdateListener.onFlagUpdate. App: com.google.android.apps.photos. Process: com.google.android.apps.photos|49321285. Error: android.os.DeadObjectException. [CONTEXT service_id=51 ]
03-18 17:38:34.087  4918 31584 W FlagUpdateListenerRegis: Unable to invoke IFlagUpdateListener.onFlagUpdate. App: com.google.android.apps.photos. Process: com.google.android.apps.photos|4055765. Error: android.os.DeadObjectException. [CONTEXT service_id=51 ]
03-18 17:38:34.087  4918 31584 W FlagUpdateListenerRegis: Unable to invoke IFlagUpdateListener.onFlagUpdate. App: com.google.android.apps.photos. Process: com.google.android.apps.photos|143560067. Error: android.os.DeadObjectException. [CONTEXT service_id=51 ]
03-18 17:38:34.087  4918 31584 W FlagUpdateListenerRegis: Unable to invoke IFlagUpdateListener.onFlagUpdate. App: com.google.android.accessibility.switchaccess. Process: com.google.android.accessibility.switchaccess|235407424. Error: android.os.DeadObjectException. [CONTEXT service_id=51 ]
03-18 17:38:34.087  4918 31584 W FlagUpdateListenerRegis: Unable to invoke IFlagUpdateListener.onFlagUpdate. App: com.google.android.dialer. Process: com.google.android.dialer|199375335. Error: android.os.DeadObjectException. [CONTEXT service_id=51 ]
03-18 17:38:34.088  4918 31584 W FlagUpdateListenerRegis: Unable to invoke IFlagUpdateListener.onFlagUpdate. App: com.google.android.dialer. Process: com.google.android.dialer|140873216. Error: android.os.DeadObjectException. [CONTEXT service_id=51 ]
03-18 17:38:34.088  4918 31584 W FlagUpdateListenerRegis: Unable to invoke IFlagUpdateListener.onFlagUpdate. App: com.google.android.dialer. Process: com.google.android.dialer|61731869. Error: android.os.DeadObjectException. [CONTEXT service_id=51 ]
03-18 17:38:34.088  4918 31584 W FlagUpdateListenerRegis: Unable to invoke IFlagUpdateListener.onFlagUpdate. App: com.google.android.dialer. Process: com.google.android.dialer|74799192. Error: android.os.DeadObjectException. [CONTEXT service_id=51 ]
03-18 17:38:34.088  4918 31584 W FlagUpdateListenerRegis: Unable to invoke IFlagUpdateListener.onFlagUpdate. App: com.google.android.dialer. Process: com.google.android.dialer|206581700. Error: android.os.DeadObjectException. [CONTEXT service_id=51 ]
03-18 17:38:34.088  4918 31584 W FlagUpdateListenerRegis: Unable to invoke IFlagUpdateListener.onFlagUpdate. App: com.google.android.dialer. Process: com.google.android.dialer|25604133. Error: android.os.DeadObjectException. [CONTEXT service_id=51 ]
03-18 17:38:34.089  4918 31584 W FlagUpdateListenerRegis: Unable to invoke IFlagUpdateListener.onFlagUpdate. App: com.google.android.dialer. Process: com.google.android.dialer|17604928. Error: android.os.DeadObjectException. [CONTEXT service_id=51 ]
03-18 17:38:34.089  4918 31584 W FlagUpdateListenerRegis: Unable to invoke IFlagUpdateListener.onFlagUpdate. App: com.google.android.dialer. Process: com.google.android.dialer|75900402. Error: android.os.DeadObjectException. [CONTEXT service_id=51 ]
03-18 17:38:34.089  4918 31584 W FlagUpdateListenerRegis: Unable to invoke IFlagUpdateListener.onFlagUpdate. App: com.google.android.dialer. Process: com.google.android.dialer|260026783. Error: android.os.DeadObjectException. [CONTEXT service_id=51 ]
03-18 17:38:34.089  4918 31584 W FlagUpdateListenerRegis: Unable to invoke IFlagUpdateListener.onFlagUpdate. App: com.google.android.dialer. Process: com.google.android.dialer|189686481. Error: android.os.DeadObjectException. [CONTEXT service_id=51 ]
03-18 17:38:34.089  4918 31584 W FlagUpdateListenerRegis: Unable to invoke IFlagUpdateListener.onFlagUpdate. App: com.google.android.dialer. Process: com.google.android.dialer|101231500. Error: android.os.DeadObjectException. [CONTEXT service_id=51 ]
03-18 17:38:34.089  4918 31584 W FlagUpdateListenerRegis: Unable to invoke IFlagUpdateListener.onFlagUpdate. App: com.google.android.apps.nbu.paisa.user. Process: com.google.android.apps.nbu.paisa.user|99620644. Error: android.os.DeadObjectException. [CONTEXT service_id=51 ]
03-18 17:38:34.090  4918 31584 W FlagUpdateListenerRegis: Unable to invoke IFlagUpdateListener.onFlagUpdate. App: com.google.android.apps.nbu.paisa.user. Process: com.google.android.apps.nbu.paisa.user|32568385. Error: android.os.DeadObjectException. [CONTEXT service_id=51 ]
03-18 17:38:34.090  4918 31584 W FlagUpdateListenerRegis: Unable to invoke IFlagUpdateListener.onFlagUpdate. App: com.google.android.apps.nbu.paisa.user. Process: com.google.android.apps.nbu.paisa.user|114671231. Error: android.os.DeadObjectException. [CONTEXT service_id=51 ]
03-18 17:38:34.090  4918 31584 W FlagUpdateListenerRegis: Unable to invoke IFlagUpdateListener.onFlagUpdate. App: com.google.android.gm. Process: com.google.android.gm|71237239. Error: android.os.DeadObjectException. [CONTEXT service_id=51 ]
03-18 17:38:34.090  4918 31584 W FlagUpdateListenerRegis: Unable to invoke IFlagUpdateListener.onFlagUpdate. App: com.google.android.gm. Process: com.google.android.gm|221672295. Error: android.os.DeadObjectException. [CONTEXT service_id=51 ]
03-18 17:38:34.090  4918 31584 W FlagUpdateListenerRegis: Unable to invoke IFlagUpdateListener.onFlagUpdate. App: com.google.android.gm. Process: com.google.android.gm|6984790. Error: android.os.DeadObjectException. [CONTEXT service_id=51 ]
03-18 17:38:34.090  4918 31584 W FlagUpdateListenerRegis: Unable to invoke IFlagUpdateListener.onFlagUpdate. App: com.google.android.gm. Process: com.google.android.gm|207110259. Error: android.os.DeadObjectException. [CONTEXT service_id=51 ]
03-18 17:38:34.091  4918 31584 W FlagUpdateListenerRegis: Unable to invoke IFlagUpdateListener.onFlagUpdate. App: com.google.android.gm. Process: com.google.android.gm|100947717. Error: android.os.DeadObjectException. [CONTEXT service_id=51 ]
03-18 17:38:34.091  4918 31584 W FlagUpdateListenerRegis: Unable to invoke IFlagUpdateListener.onFlagUpdate. App: com.google.android.gm. Process: com.google.android.gm|121880570. Error: android.os.DeadObjectException. [CONTEXT service_id=51 ]
03-18 17:38:39.145 31862 31885 W Conscrypt: Could not set socket write timeout: java.net.SocketException: Socket closed
03-18 17:38:39.314 31862 31885 W Conscrypt: Could not set socket write timeout: java.net.SocketException: Socket closed
03-18 17:38:39.339 31862 32004 W Conscrypt: Could not set socket write timeout: java.net.SocketException: Socket closed
03-18 17:38:39.398 31862 32004 W Conscrypt: Could not set socket write timeout: java.net.SocketException: Socket closed
03-18 17:40:23.567 31755 31780 E Icing   : Failed to remove thing with error code :error uri not found
03-18 17:46:18.897  7305  7344 E eldo    : java.lang.IllegalStateException: Room cannot verify the data integrity. Looks like you've changed schema but forgot to update the version number. You can simply fix this by increasing the version number. Expected identity hash: 9c4eda4e81021ecdb487965477e19017, found: ebf2b5d7d34e9c66dab22c6d16796d4a
03-18 17:47:15.492 31862 31926 I NetworkScheduler: (REDACTED) Error inserting %s
03-18 17:49:46.006 16074 16487 I DialerInCallLoggingImpl: com.android.dialer.incall.logging.impl.InCallLoggingImpl.addImpressionInternal:98 InCall-Impression: CUI_INFRA_CUI_EVENT_LOGGED, CallId: DialerCall_1, semantic event ID: null, CUI event ID: 53, CUI error ID: null
03-18 17:49:46.189 31755 31788 E GetCallingCardsByIdenti: Error while getting CPG Calling Card [CONTEXT service_id=5 ]
03-18 17:49:46.254 31755 31788 E GetCallingCardsByIdenti: Error while getting CPG Calling Card [CONTEXT service_id=5 ]
03-18 17:49:46.849 31755 31788 E GetCallingCardsByIdenti: Error while getting CPG Calling Card [CONTEXT service_id=5 ]
03-18 17:49:47.254 31755 31788 E GetCallingCardsByIdenti: Error while getting CPG Calling Card [CONTEXT service_id=5 ]
03-18 17:49:47.263 16074 32638 W DialerCallingCardRepositoryV2Impl: com.google.android.libraries.contacts.callingcard.impl.CallingCardRepositoryV2Impl$getCallingCards$2$1.invokeSuspend:324 Missing identifier in getCallingCards response with status ERROR_CALLING_CARD_ID_NOT_EXIST.
03-18 17:49:47.531 31755 31788 E GetCallingCardsByIdenti: Error while getting CPG Calling Card [CONTEXT service_id=5 ]
03-18 17:49:47.547 16074 32638 W DialerCallingCardRepositoryV2Impl: com.google.android.libraries.contacts.callingcard.impl.CallingCardRepositoryV2Impl$getCallingCards$2$1.invokeSuspend:324 Missing identifier in getCallingCards response with status ERROR_CALLING_CARD_ID_NOT_EXIST.
03-18 17:49:47.612 31755 31788 E GetCallingCardsByIdenti: Error while getting CPG Calling Card [CONTEXT service_id=5 ]
03-18 17:49:47.616 16074 32638 W DialerCallingCardRepositoryV2Impl: com.google.android.libraries.contacts.callingcard.impl.CallingCardRepositoryV2Impl$getCallingCards$2$1.invokeSuspend:324 Missing identifier in getCallingCards response with status ERROR_CALLING_CARD_ID_NOT_EXIST.
03-18 17:49:47.991 31755 31755 I AdvertisingIdClient: getting error as 17: API: ClientTelemetry.API is not available on this device. Connection failed with: ConnectionResult{statusCode=API_DISABLED_FOR_CONNECTION, resolution=null, message=null, clientMethodKey=null}
03-18 17:49:48.043 31862 32684 I NetworkScheduler: (REDACTED) Error inserting %s
03-18 17:49:48.568 31755   572 E chromium: [0318/174948.567113:ERROR:android_webview/browser/variations/variations_seed_loader.cc:39] Seed missing signature.
03-18 17:49:49.139 31862 32684 W FontLog : Error updating last accessed time for {Google Sans, wdth 100.0, wght 400, ital 0.0, bestEffort false}, isVf false}. [CONTEXT service_id=132 ]
03-18 17:49:49.139 31862 32684 W FontLog : java.lang.IllegalStateException: Cannot perform this operation because the connection pool has been closed.
03-18 17:49:50.819 31862   510 I NetworkScheduler: (REDACTED) Error inserting %s
03-18 17:49:51.456 31862 32684 I NetworkScheduler: (REDACTED) Error inserting %s
03-18 17:49:53.332 31755 31812 E GetCallingCardsByIdenti: Error while getting CPG Calling Card [CONTEXT service_id=5 ]
03-18 17:49:53.350 16074 32638 W DialerCallingCardRepositoryV2Impl: com.google.android.libraries.contacts.callingcard.impl.CallingCardRepositoryV2Impl$getCallingCards$2$1.invokeSuspend:324 Missing identifier in getCallingCards response with status ERROR_CALLING_CARD_ID_NOT_EXIST.
03-18 17:50:04.874 16074 16511 I DialerInCallLoggingImpl: com.android.dialer.incall.logging.impl.InCallLoggingImpl.addImpressionInternal:98 InCall-Impression: CUI_INFRA_CUI_EVENT_LOGGED, CallId: DialerCall_1, semantic event ID: null, CUI event ID: 56, CUI error ID: null
03-18 17:50:04.875 16074 16511 I DialerInCallLoggingImpl: com.android.dialer.incall.logging.impl.InCallLoggingImpl.addImpressionInternal:98 InCall-Impression: CUI_INFRA_STARTED_CUI, CallId: DialerCall_1, semantic event ID: null, CUI event ID: 56, CUI error ID: null
03-18 17:50:04.893 16074 16482 W DialerRingingManager: com.android.dialer.ringing.RingingManager.stopRinging:287 Null ringtone. Was stopRinging called without calling startRinging? [CONTEXT disable_client_error_logging=true ]
03-18 17:50:04.902 16074 16483 I DialerInCallLoggingImpl: com.android.dialer.incall.logging.impl.InCallLoggingImpl.addImpressionInternal:98 InCall-Impression: CUI_INFRA_CUI_EVENT_LOGGED, CallId: DialerCall_1, semantic event ID: null, CUI event ID: 310, CUI error ID: null
03-18 17:50:04.904 16074 16074 I DialerInternalSemanticEventLogger: com.android.dialer.cui.impl.InternalSemanticEventLogger.handleError:296 CUI error: VOICE_FRAGMENT_CREATED; uniqueCallId: efb5496e-9d02-44cb-b7f6-7a2d16a0fe17
03-18 17:50:04.904 16074 16511 I DialerInCallLoggingImpl: com.android.dialer.incall.logging.impl.InCallLoggingImpl.addImpressionInternal:98 InCall-Impression: CUI_INFRA_CUI_EVENT_LOGGED, CallId: DialerCall_1, semantic event ID: null, CUI event ID: 111, CUI error ID: null
03-18 17:50:04.905 16074 16511 I DialerInCallLoggingImpl: com.android.dialer.incall.logging.impl.InCallLoggingImpl.addImpressionInternal:98 InCall-Impression: CUI_INFRA_CUI_ERROR_LOGGED, CallId: DialerCall_1, semantic event ID: null, CUI event ID: null, CUI error ID: 180
03-18 17:50:04.977 31755 31812 E GetCallingCardsByIdenti: Error while getting CPG Calling Card [CONTEXT service_id=5 ]
03-18 17:50:05.076 31755 31812 E GetCallingCardsByIdenti: Error while getting CPG Calling Card [CONTEXT service_id=5 ]
03-18 17:50:05.208 31755 31812 E GetCallingCardsByIdenti: Error while getting CPG Calling Card [CONTEXT service_id=5 ]
03-18 17:50:05.264 31755 31812 E GetCallingCardsByIdenti: Error while getting CPG Calling Card [CONTEXT service_id=5 ]
03-18 17:50:05.289 31755 31812 E GetCallingCardsByIdenti: Error while getting CPG Calling Card [CONTEXT service_id=5 ]
03-18 17:50:05.307 31755 31812 E GetCallingCardsByIdenti: Error while getting CPG Calling Card [CONTEXT service_id=5 ]
03-18 17:50:05.319 31755 31812 E GetCallingCardsByIdenti: Error while getting CPG Calling Card [CONTEXT service_id=5 ]
03-18 17:50:05.331 31755 31812 E GetCallingCardsByIdenti: Error while getting CPG Calling Card [CONTEXT service_id=5 ]
03-18 17:50:05.343 31755 31812 E GetCallingCardsByIdenti: Error while getting CPG Calling Card [CONTEXT service_id=5 ]
03-18 17:50:05.357 31755 31812 E GetCallingCardsByIdenti: Error while getting CPG Calling Card [CONTEXT service_id=5 ]
03-18 17:50:05.377 31755 31812 E GetCallingCardsByIdenti: Error while getting CPG Calling Card [CONTEXT service_id=5 ]
03-18 17:50:05.866 31755 31812 E GetCallingCardsByIdenti: Error while getting CPG Calling Card [CONTEXT service_id=5 ]
03-18 17:50:26.466 31755   567 E GetCallingCardsByIdenti: Error while getting CPG Calling Card [CONTEXT service_id=5 ]
03-18 17:50:26.487 31755   567 E GetCallingCardsByIdenti: Error while getting CPG Calling Card [CONTEXT service_id=5 ]
03-18 17:50:26.540 31755   567 E GetCallingCardsByIdenti: Error while getting CPG Calling Card [CONTEXT service_id=5 ]
03-18 17:50:26.747 31755   567 E GetCallingCardsByIdenti: Error while getting CPG Calling Card [CONTEXT service_id=5 ]
03-18 17:50:27.093 31755   567 E GetCallingCardsByIdenti: Error while getting CPG Calling Card [CONTEXT service_id=5 ]
03-18 17:50:27.104 16074   919 W DialerCallingCardRepositoryV2Impl: com.google.android.libraries.contacts.callingcard.impl.CallingCardRepositoryV2Impl$getCallingCards$2$1.invokeSuspend:324 Missing identifier in getCallingCards response with status ERROR_CALLING_CARD_ID_NOT_EXIST.
03-18 17:50:28.705 31862  1113 I NetworkScheduler: (REDACTED) Error inserting %s
03-18 17:50:28.712 31862  1113 I NetworkScheduler: (REDACTED) Error inserting %s
03-18 17:50:29.819 31862  1113 I NetworkScheduler: (REDACTED) Error inserting %s
03-18 17:50:30.078 31862 32520 I NetworkScheduler: (REDACTED) Error inserting %s
03-18 17:50:30.318 31862  1112 I NetworkScheduler: (REDACTED) Error inserting %s
03-18 17:50:31.042 31862  1075 I NetworkScheduler: (REDACTED) Error inserting %s
03-18 17:50:39.090 31862  1074 I NetworkScheduler: (REDACTED) Error inserting %s
03-18 17:50:40.928  1624  1659 I Finsky  : [3428] SettingNotFoundException, fall through to G.downloadBytesOverMobileMaximum
03-18 17:50:40.930  1624  1659 I Finsky  : [3428] SettingNotFoundException, fall through to G.downloadBytesOverMobileRecommended
03-18 17:55:17.180  2743  2768 I Finsky  : [3434] SettingNotFoundException, fall through to G.downloadBytesOverMobileMaximum
03-18 17:55:17.182  2743  2768 I Finsky  : [3434] SettingNotFoundException, fall through to G.downloadBytesOverMobileRecommended
03-18 17:59:18.091 31862  2097 E jhew    : java.lang.RuntimeException: ManagedChannel allocation site
03-18 17:59:31.667  3590  3619 E GmsContextWrapper: java.lang.SecurityException: No permission to change device idle whitelist: Neither user 10194 nor current process has android.permission.CHANGE_DEVICE_IDLE_TEMP_WHITELIST.
03-18 17:59:31.667  3590  3619 E GmsContextWrapper:     at android.os.Parcel.createExceptionOrNull(Parcel.java:3093)
03-18 17:59:31.667  3590  3619 E GmsContextWrapper:     at android.os.Parcel.createException(Parcel.java:3077)
03-18 17:59:31.667  3590  3619 E GmsContextWrapper:     at android.os.Parcel.readException(Parcel.java:3060)
03-18 17:59:31.667  3590  3619 E GmsContextWrapper:     at android.os.Parcel.readException(Parcel.java:3002)
03-18 17:59:31.667  3590  3619 E GmsContextWrapper: Caused by: android.os.RemoteException: Remote stack trace:
03-18 17:59:31.671  3590  3619 E GmsContextWrapper: android.app.BackgroundServiceStartNotAllowedException: Not allowed to start service Intent { cmp=com.google.android.contactkeys/com.google.android.gms.contactkeys.service.ContactKeyApiService }: app is in background uid UidRecord{b411ee0 u0a194 CEM  idle change:procadj procs:0 seq(649446,649410)} caps=------
03-18 18:02:17.745  7305  7342 E eldo    : java.lang.IllegalStateException: Room cannot verify the data integrity. Looks like you've changed schema but forgot to update the version number. You can simply fix this by increasing the version number. Expected identity hash: 9c4eda4e81021ecdb487965477e19017, found: ebf2b5d7d34e9c66dab22c6d16796d4a
03-18 18:02:18.270  7305  7342 E eldo    : java.lang.IllegalStateException: Room cannot verify the data integrity. Looks like you've changed schema but forgot to update the version number. You can simply fix this by increasing the version number. Expected identity hash: 9c4eda4e81021ecdb487965477e19017, found: ebf2b5d7d34e9c66dab22c6d16796d4a
03-18 18:02:18.821  7305  7344 E eldo    : java.lang.IllegalStateException: Room cannot verify the data integrity. Looks like you've changed schema but forgot to update the version number. You can simply fix this by increasing the version number. Expected identity hash: 9c4eda4e81021ecdb487965477e19017, found: ebf2b5d7d34e9c66dab22c6d16796d4a
03-18 18:02:19.692  7305  7342 E eldo    : java.lang.IllegalStateException: Room cannot verify the data integrity. Looks like you've changed schema but forgot to update the version number. You can simply fix this by increasing the version number. Expected identity hash: 9c4eda4e81021ecdb487965477e19017, found: ebf2b5d7d34e9c66dab22c6d16796d4a
03-18 18:07:32.113 31862  4964 I NetworkScheduler: (REDACTED) Error inserting %s
03-18 18:07:32.219 31862  4607 I NetworkScheduler: (REDACTED) Error inserting %s
03-18 18:07:32.591 31862  4964 I NetworkScheduler: (REDACTED) Error inserting %s
03-18 18:07:32.866 31862  4977 I NetworkScheduler: (REDACTED) Error inserting %s
03-18 18:07:32.888 31862  4607 I NetworkScheduler: (REDACTED) Error inserting %s
03-18 18:07:34.243 31862  4977 I NetworkScheduler: (REDACTED) Error inserting %s
03-18 18:08:16.144 29138  5859 W AppInitScheduler|Schedule: java.lang.RuntimeException
03-18 18:08:16.173 29138  5804 W ProcessAnrErrorMonitor: startMonitoring with delay: 0
03-18 18:08:16.175 29138  5898 W ProcessAnrErrorMonitor: Starting process monitor checks for process 'com.instagram.android'
03-18 18:08:16.181 29138  5872 W IgMetaConfig: java.lang.RuntimeException: Could not obtain MC, call-site will receive default values
03-18 18:08:16.182 29138  5872 W IgMetaConfig: java.lang.RuntimeException: Could not obtain MC, call-site will receive default values
03-18 18:08:16.183 29138  5872 W IgMetaConfig: java.lang.RuntimeException: Could not obtain MC, call-site will receive default values
03-18 18:08:16.206 29138  5911 W IgMetaConfig: java.lang.RuntimeException: Could not obtain MC, call-site will receive default values
03-18 18:08:16.251 29138  5870 E QPLProvider: java.lang.IllegalStateException: No QPL instance provided
03-18 18:08:16.251 29138  5870 E QPLProvider: java.lang.IllegalStateException: No QPL instance provided
03-18 18:08:16.251 29138  5870 E QPLProvider: java.lang.IllegalStateException: No QPL instance provided
03-18 18:08:16.251 29138  5870 E QPLProvider: java.lang.IllegalStateException: No QPL instance provided
03-18 18:08:16.251 29138  5870 E QPLProvider: java.lang.IllegalStateException: No QPL instance provided
03-18 18:08:16.251 29138  5870 E QPLProvider: java.lang.IllegalStateException: No QPL instance provided
03-18 18:08:16.251 29138  5870 E QPLProvider: java.lang.IllegalStateException: No QPL instance provided
03-18 18:08:16.252 29138  5870 E QPLProvider: java.lang.IllegalStateException: No QPL instance provided
03-18 18:08:16.252 29138  5870 E QPLProvider: java.lang.IllegalStateException: No QPL instance provided
03-18 18:08:16.282 29138  5877 E QPLProvider: java.lang.IllegalStateException: No QPL instance provided
03-18 18:08:16.282 29138  5877 E QPLProvider: java.lang.IllegalStateException: No QPL instance provided
03-18 18:08:16.282 29138  5877 E QPLProvider: java.lang.IllegalStateException: No QPL instance provided
03-18 18:08:16.282 29138  5877 E QPLProvider: java.lang.IllegalStateException: No QPL instance provided
03-18 18:08:16.282 29138  5877 E QPLProvider: java.lang.IllegalStateException: No QPL instance provided
03-18 18:08:16.282 29138  5877 E QPLProvider: java.lang.IllegalStateException: No QPL instance provided
03-18 18:08:16.282 29138  5877 E QPLProvider: java.lang.IllegalStateException: No QPL instance provided
03-18 18:08:16.282 29138  5877 E QPLProvider: java.lang.IllegalStateException: No QPL instance provided
03-18 18:08:16.283 29138  5877 E QPLProvider: java.lang.IllegalStateException: No QPL instance provided
03-18 18:08:16.283 29138  5877 E QPLProvider: java.lang.IllegalStateException: No QPL instance provided
03-18 18:08:16.283 29138  5877 E QPLProvider: java.lang.IllegalStateException: No QPL instance provided
03-18 18:08:16.283 29138  5877 E QPLProvider: java.lang.IllegalStateException: No QPL instance provided
03-18 18:08:16.283 29138  5877 E QPLProvider: java.lang.IllegalStateException: No QPL instance provided
03-18 18:08:16.283 29138  5877 E QPLProvider: java.lang.IllegalStateException: No QPL instance provided
03-18 18:08:16.284 29138  5877 E QPLProvider: java.lang.IllegalStateException: No QPL instance provided
03-18 18:08:16.286 29138  5877 E QPLProvider: java.lang.IllegalStateException: No QPL instance provided
03-18 18:08:16.286 29138  5877 E QPLProvider: java.lang.IllegalStateException: No QPL instance provided
03-18 18:08:16.286 29138  5877 E QPLProvider: java.lang.IllegalStateException: No QPL instance provided
03-18 18:08:16.286 29138  5877 E QPLProvider: java.lang.IllegalStateException: No QPL instance provided
03-18 18:08:16.287 29138  5877 E QPLProvider: java.lang.IllegalStateException: No QPL instance provided
03-18 18:08:16.287 29138  5877 E QPLProvider: java.lang.IllegalStateException: No QPL instance provided
03-18 18:08:16.287 29138  5877 E QPLProvider: java.lang.IllegalStateException: No QPL instance provided
03-18 18:08:16.287 29138  5877 E QPLProvider: java.lang.IllegalStateException: No QPL instance provided
03-18 18:08:16.287 29138  5877 E QPLProvider: java.lang.IllegalStateException: No QPL instance provided
03-18 18:08:16.288 29138  5877 E QPLProvider: java.lang.IllegalStateException: No QPL instance provided
03-18 18:08:16.288 29138  5877 E QPLProvider: java.lang.IllegalStateException: No QPL instance provided
03-18 18:08:16.288 29138  5877 E QPLProvider: java.lang.IllegalStateException: No QPL instance provided
03-18 18:08:16.307 29138  5877 E QPLProvider: java.lang.IllegalStateException: No QPL instance provided
03-18 18:08:16.307 29138  5931 E QPLProvider: java.lang.IllegalStateException: No QPL instance provided
03-18 18:08:16.313 29138  5837 E QPLProvider: java.lang.IllegalStateException: No QPL instance provided
03-18 18:08:16.314 29138  5837 E QPLProvider: java.lang.IllegalStateException: No QPL instance provided
03-18 18:08:16.314 29138  5837 E QPLProvider: java.lang.IllegalStateException: No QPL instance provided
03-18 18:08:16.314 29138  5837 E QPLProvider: java.lang.IllegalStateException: No QPL instance provided
03-18 18:08:16.314 29138  5837 E QPLProvider: java.lang.IllegalStateException: No QPL instance provided
03-18 18:08:16.314 29138  5837 E QPLProvider: java.lang.IllegalStateException: No QPL instance provided
03-18 18:08:16.315 29138  5837 E QPLProvider: java.lang.IllegalStateException: No QPL instance provided
03-18 18:08:16.315 29138  5837 E QPLProvider: java.lang.IllegalStateException: No QPL instance provided
03-18 18:08:16.315 29138  5837 E QPLProvider: java.lang.IllegalStateException: No QPL instance provided
03-18 18:08:16.315 29138  5837 E QPLProvider: java.lang.IllegalStateException: No QPL instance provided
03-18 18:08:16.317 29138  5837 E QPLProvider: java.lang.IllegalStateException: No QPL instance provided
03-18 18:08:16.317 29138  5837 E QPLProvider: java.lang.IllegalStateException: No QPL instance provided
03-18 18:08:16.318 29138  5837 E QPLProvider: java.lang.IllegalStateException: No QPL instance provided
03-18 18:08:16.318 29138  5837 E QPLProvider: java.lang.IllegalStateException: No QPL instance provided
03-18 18:08:16.318 29138  5837 E QPLProvider: java.lang.IllegalStateException: No QPL instance provided
03-18 18:08:16.318 29138  5837 E QPLProvider: java.lang.IllegalStateException: No QPL instance provided
03-18 18:08:16.318 29138  5837 E QPLProvider: java.lang.IllegalStateException: No QPL instance provided
03-18 18:08:16.318 29138  5837 E QPLProvider: java.lang.IllegalStateException: No QPL instance provided
03-18 18:08:16.378 29138  6006 W QPLConfig: java.io.FileNotFoundException: /data/user/0/com.instagram.android/app_qpl/qpl_sampling_config_v2.null: open failed: ENOENT (No such file or directory)
03-18 18:08:16.378 29138  6006 W QPLConfig: Caused by: android.system.ErrnoException: open failed: ENOENT (No such file or directory)
03-18 18:08:16.536 29138  5985 W IgMetaConfig: java.lang.RuntimeException: Could not obtain MC, call-site will receive default values
03-18 18:08:16.540 29138  5910 W IgMetaConfig: java.lang.RuntimeException: Could not obtain MC, call-site will receive default values
03-18 18:08:16.540 29138  5910 W IgMetaConfig: java.lang.RuntimeException: Could not obtain MC, call-site will receive default values
03-18 18:08:16.548 29138  5995 W SessionScopedProviderInitializer: Initialize com.instagram.bugreporter.impl.BugReporterRecentErrorInfosHolder start
03-18 18:08:16.549 29138  5995 W SessionScopedProviderInitializer: Initialize com.instagram.bugreporter.impl.BugReporterRecentErrorInfosHolder end
03-18 18:08:16.576 29138  6088 W IgMetaConfig: java.lang.RuntimeException: Could not obtain MC, call-site will receive default values
03-18 18:08:16.612 29138  6091 W DGWClientHolder: DGWClientConfig IG4A\B4A: {deviceOS:android,isWorkBuild:false,appVersion:411.0.0.23.257,appId:567067343352427,streamIdleTimeoutMs:1800000,responseCompression:,enableHTTP3:false,zeroRatingEnabled:false,zeroUrlRewritingV2Enabled:false,zeroRatingCachingEnabled:false,gatewayDomain:test-gateway.instagram.com,streamGroupPingPeriod:25,streamGroupPingTimeout:10,streamGroupStopBgPingDelay:300,debugCallbackCrashes2:true,useCachedStreamGroupsStatus:false,closeNetworkConnectionOnTimeout:true,connectivityManagerOptions:{enablePingInBackground:true,bgPingIntervalMs:60000,pingIntervalInMs:{HIGH:0,MID:0,LOW:0,DEFAULT:60000},pingTimeoutInMs:{HIGH:0,MID:0,LOW:0,DEFAULT:5000},pingLatencyInMs:{HIGH:0, MID:0},skipPingAfterIngressTraffic:true,disablePingWhileNoActiveStream:false,sendPingOnAppForeground:false,pingTrafficTracingSamplingRate:0,initAppStateAsBackground:true,ignoreOnNetworkDisconnectedSignalForPing:true,initialUnreachableDelayFastMode:1000,ignoreOnNetworkDisconnectedSignalAndSendPing:true,markDisconnectedInBackground:false,shouldSetNotStartedOnFg:false,enableNetworkMonitorV2:false,extendedFgIntervalSeconds:120,useExtendedFgInterval:false,disableTransportInitFromNetworkMonitor:false,useExtendedFgIntervalNetworkChangeOnly:false,useTigon:false,useTigonInDeprecatedMNSClient:false,enableDeviceDataSettingsGetter:false},personalizationConfig:{enabled:false,streamEstablishmentLatencyInMs:{HIGH:100, MID:4000},streamEstablishmentTimeoutInSeconds:{HIGH:3,MID:7,LOW:9,DEFAULT:30},publishTimeoutInSeconds:{HIGH:4,MID:7,LOW:9,DEFAULT:30},resetPersonalizationClassOnTimeout:true,sgConnectTimeoutInSeconds:{HIGH:5,MID:10,LOW:20,DEFAULT:10},sgPingTimeoutInSeconds:{HIGH:5,MID:10,LOW:20,DEFAULT:10},tunnelConnectTimeoutInSeconds:{HIGH:0,MID:0,LOW:0,DEFAULT:0},tunnelConnectAckTimeoutInSeconds:{HIGH:0,MID:0,LOW:0,DEFAULT:0},trackSgDataLatency:false},eagerStreamGroupEnabled:false,keepStreamGroupAliveAfterLastStream:false,enableFetchRegionHintFromWww:false,regionHintCacheTtlHours:0,matchMqttWakeup:false,enableTunnelRetriableLayer:true,useExecutorProxies:true,useExecutorProxiesPhaseTwo:true,avoidCopyingBuffer:false,fallbackConfig:null,retryableLayerConfig:{useStreamGroupsForConnectivity: true, maxRetries: 10, connectTimeoutSeconds: 10, bgTeardownDelaySeconds: 0, connectSchedulerConfig: {numberOfFastModeRetries: 2, initialUnreachableDelayFastMode: 200, additionalBackgroundDelayFastMode: 100, additionalDelayPerTryFastMode: 100, initialReachableDelayBackOffMode: 500, initialUnreachableDelayBackOffMode: 1000, additionalBackgroundDelayBackOffMode: 300, maxDelayBackOffMode: 40000, randomizeFactorBackOffModeEnabled: true, triesOffsetBackOffMode: 0}, closeConnectionOnNetworkInterfaceChange: true, enableEarlyFailOnSuspended: false, bufferBgRequestsAfterTeardown: false, stopPingsOnSuspended: false},enableEligibilityHashHeader:true,userAgent:,removeAsyncExecutorFromTunnelNetworkCallbacks:false,enableCallingSgErrorOnlyOnceInSgt:false,msysStreamGroupTransportSampleRate:0,msysStreamLifecycleSampleRate:0,msysNotifyStreamGroupOnPubAckTimeout:false,closeNetworkRequestOnTunnelStreamDestruct:true,useTigon:false,useTigonInDeprecatedMNSClient:false,useTigonJava:false,useTigonZeroRating:false,allowRetriableWithConnectivityAwareLayer:false,msysBufferRequestWhileNoConnectivity:true, disableRetriableLayer:false, disableCancellationForTigonRequests:false, subscribeSgPingertoAppStatusCallbacks:false, triggerMsysHighSignalSyncOnAllConnections:true, h2MaxRequestsPerConnection:0, mvfstUseUDPSocketConnect:false, enableLogoutOnAuthFailure:false, useTunnelExecutor:false, tunnelConnectAckDisableConnectionClosure:false, mvfstKeepAliveTimeoutSeconds:0, enableSeparateHTTPClientForTunnel:false, forceHTTP2ForTunnel:false, enableCertificateRevocation:false, certificateRevocationListJSON:, mvfstMaximumPTOs0}
03-18 18:08:16.613 29138  6091 W soft_error.cpp: [DGWClientConfig] : tunnelConnectTimeout: value 0 outside valid range [1, 120] <force_oncall:mi_client_infra:force_oncall>
03-18 18:08:16.614 29138  6091 W soft_error.cpp: [DGWClientConfig] : tunnelConnectAckTimeout: value 0 outside valid range [1, 120] <force_oncall:mi_client_infra:force_oncall>
03-18 18:08:16.797 29138  6088 W IgMetaConfig: java.lang.RuntimeException: Could not obtain MC, call-site will receive default values
03-18 18:08:16.818 29138 29138 W soft_error.cpp: [pando::graphql::PandoGraphQLRequestHybrid::assertValid] : Using a PandoGraphQLRequest after it has been consumed. Query name is IgmConfigSyncQuery
03-18 18:08:16.833 29138 29138 W soft_error.cpp: [pando::graphql::PandoGraphQLRequestHybrid::assertValid] : Using a PandoGraphQLRequest after it has been consumed. Query name is BasicAdsOptInQuery
03-18 18:08:16.835 29138 29138 W soft_error.cpp: [pando::graphql::PandoGraphQLRequestHybrid::assertValid] : Using a PandoGraphQLRequest after it has been consumed. Query name is AFSOptInQuery
03-18 18:08:17.356 29138  5841 W soft_error.cpp: [pando::graphql::PandoGraphQLRequestHybrid::assertValid] : Using a PandoGraphQLRequest after it has been consumed. Query name is IGOnDeviceAppHistoryPrivacyQuery
03-18 18:08:17.361 29138  5841 W soft_error.cpp: [pando::graphql::PandoGraphQLRequestHybrid::assertValid] : Using a PandoGraphQLRequest after it has been consumed. Query name is IGOnDeviceAppHistoryPrivacyQuery
03-18 18:08:17.786 29138  5841 W soft_error.cpp: [pando::graphql::PandoGraphQLRequestHybrid::assertValid] : Using a PandoGraphQLRequest after it has been consumed. Query name is OnDeviceAppHistoryUpdateUninstalledMutation
03-18 18:08:17.790 29138  5841 W soft_error.cpp: [pando::graphql::PandoGraphQLRequestHybrid::assertValid] : Using a PandoGraphQLRequest after it has been consumed. Query name is OnDeviceAppHistoryUpdateInstalledMutation
03-18 18:08:17.920 29138  5841 E fatal   : runForegroundReporters
03-18 18:08:17.956 29138  5841 W soft_error.cpp: [pando::graphql::PandoGraphQLRequestHybrid::assertValid] : Using a PandoGraphQLRequest after it has been consumed. Query name is QuickPromotionSurfaceQueryV3
03-18 18:08:18.064 29138  5983 W soft_error.cpp: [pando::graphql::PandoGraphQLRequestHybrid::assertValid] : Using a PandoGraphQLRequest after it has been consumed. Query name is InboxTrayRequest
03-18 18:08:18.081 29138  5839 W IgMetaConfig: java.lang.RuntimeException: Could not obtain MC, call-site will receive default values
03-18 18:08:18.082 29138  5839 W IgMetaConfig: java.lang.RuntimeException: Could not obtain MC, call-site will receive default values
03-18 18:08:18.083 29138  5839 W IgMetaConfig: java.lang.RuntimeException: Could not obtain MC, call-site will receive default values
03-18 18:08:18.083 29138  5839 W IgMetaConfig: java.lang.RuntimeException: Could not obtain MC, call-site will receive default values
03-18 18:08:18.084 29138  5839 W IgMetaConfig: java.lang.RuntimeException: Could not obtain MC, call-site will receive default values
03-18 18:08:18.084 29138  5839 W IgMetaConfig: java.lang.RuntimeException: Could not obtain MC, call-site will receive default values
03-18 18:08:18.092 29138  5839 W IgMetaConfig: java.lang.RuntimeException: Could not obtain MC, call-site will receive default values
03-18 18:08:18.092 29138  5839 W IgMetaConfig: java.lang.RuntimeException: Could not obtain MC, call-site will receive default values
03-18 18:08:18.093 29138  5839 W IgMetaConfig: java.lang.RuntimeException: Could not obtain MC, call-site will receive default values
03-18 18:08:18.093 29138  5839 W IgMetaConfig: java.lang.RuntimeException: Could not obtain MC, call-site will receive default values
03-18 18:08:18.101 29138  5839 W IgMetaConfig: java.lang.RuntimeException: Could not obtain MC, call-site will receive default values
03-18 18:08:18.101 29138  5839 W IgMetaConfig: java.lang.RuntimeException: Could not obtain MC, call-site will receive default values
03-18 18:08:18.103 29138  5839 W IgMetaConfig: java.lang.RuntimeException: Could not obtain MC, call-site will receive default values
03-18 18:08:18.103 29138  5839 W IgMetaConfig: java.lang.RuntimeException: Could not obtain MC, call-site will receive default values
03-18 18:08:18.116 29138  5841 W soft_error.cpp: [pando::graphql::PandoGraphQLRequestHybrid::assertValid] : Using a PandoGraphQLRequest after it has been consumed. Query name is GetFriendMapSettingsQuery
03-18 18:08:18.123 29138  5841 W soft_error.cpp: [pando::graphql::PandoGraphQLRequestHybrid::assertValid] : Using a PandoGraphQLRequest after it has been consumed. Query name is QuickPromotionSurfaceQueryV3
03-18 18:08:18.541 29138  5972 W IgMetaConfig: java.lang.RuntimeException: Could not obtain MC, call-site will receive default values
03-18 18:08:21.057 29138  6250 E CacheManager_default: IO Exception prefetching CacheKey:null.902869995799339a.-1, Read:0
03-18 18:08:21.057 29138  6250 E CacheManager_default: java.io.IOException: Timeout when obtain cache span lock
03-18 18:08:22.702 29138  5931 W soft_error.cpp: [pando::graphql::PandoGraphQLRequestHybrid::assertValid] : Using a PandoGraphQLRequest after it has been consumed. Query name is IGUSDIDRegistrationMutation
03-18 18:08:23.044 29138  6181 W soft_error.cpp: [pando::graphql::PandoGraphQLRequestHybrid::assertValid] : Using a PandoGraphQLRequest after it has been consumed. Query name is FetchAttributionEventComplianceAction
03-18 18:08:23.131 29138 29138 W soft_error.cpp: [pando::graphql::PandoGraphQLRequestHybrid::assertValid] : Using a PandoGraphQLRequest after it has been consumed. Query name is GenAINuxConsentStatusQuery
03-18 18:08:23.345 29138  5991 W soft_error.cpp: [pando::graphql::PandoGraphQLRequestHybrid::assertValid] : Using a PandoGraphQLRequest after it has been consumed. Query name is ReportAttributionEventsMutation
03-18 18:08:23.665 29138  6514 E ActionQueryTaskListener: 0 onLoadBatchComplete exception: null BACKGROUND modules: [pytorch]
03-18 18:08:23.738 29138  6514 E ActionQueryTaskListener: 1 onLoadBatchComplete exception: null BACKGROUND modules: [executorch]
03-18 18:08:23.812 29138  6518 W AsyncLayoutInflater: android.view.InflateException: Binary XML file line #6: <merge /> can be used only with a valid ViewGroup root and attachToRoot=true
03-18 18:08:23.812 29138  6518 W AsyncLayoutInflater: Caused by: android.view.InflateException: <merge /> can be used only with a valid ViewGroup root and attachToRoot=true
03-18 18:08:24.254 29138  6307 W DirectUserScopedInitializer: [not an error] initializeMemAndMailbox() called
03-18 18:08:24.269 29138  6307 E msys    : E[D [not an error] MemMciAuxDbManagement]_SaveDatabasesThatRequireTransfer(1777)=>Not saving db type 2 as requiring transfer
