03-18 18:08:24.269 29138  6307 E msys    : E[D [not an error] MemMciAuxDbManagement]_SaveDatabasesThatRequireTransfer(1777)=>Not saving db type 5 as requiring transfer
03-18 18:08:24.269 29138  6307 E msys    : E[D [not an error] MemMciAuxDbManagement]_SaveDatabasesThatRequireTransfer(1777)=>Not saving db type 1 as requiring transfer
03-18 18:08:24.269 29138  6307 E msys    : E[D [not an error] MemMciAuxDbManagement]_SaveDatabasesThatRequireTransfer(1777)=>Not saving db type 3 as requiring transfer
03-18 18:08:24.272 29138  6307 E msys    : E[ADNSUCTIMH setup]MCIAccountSessionInjectAndMaybeOpenAuxDBs(100)=>[not an error][accountSession=0xb4000075841c23a0] MCIAccountSessionCreateAndInjectMainDB early aux db init attempt
03-18 18:08:24.272 29138  6307 E msys    : E[ADNSUCTIMH setup]MCIAccountSessionInjectAndMaybeOpenAuxDBs(106)=>[not an error][accountSession=0xb4000075841c23a0] MCIAccountSessionCreateAndInjectMainDB bootstrapping aux dbs
03-18 18:08:24.272 29138  6307 E msys    : E[D [not an error] MemMciAuxDbManagement]_MCIAuxiliaryDBManagementBootstrap(1861)=>In `Bootstrap`: Will bootstrap for db type 2 because it does not require transfer
03-18 18:08:24.272 29138  6307 E msys    : E[D [not an error] MemMciAuxDbManagement]_MCIAuxiliaryDBManagementBootstrap(1861)=>In `Bootstrap`: Will bootstrap for db type 5 because it does not require transfer
03-18 18:08:24.272 29138  6307 E msys    : E[D [not an error] MemMciAuxDbManagement]_MCIAuxiliaryDBManagementBootstrap(1861)=>In `Bootstrap`: Will bootstrap for db type 1 because it does not require transfer
03-18 18:08:24.273 29138  6307 E msys    : E[D [not an error] MemMciAuxDbManagement]_MCIAuxiliaryDBManagementBootstrap(1861)=>In `Bootstrap`: Will bootstrap for db type 3 because it does not require transfer
03-18 18:08:24.638 29138  6553 E msys    : E[D SqliteError]MCISQLiteErrorLogCallback(238)=>(1 @ proc -7840229131568073132 via 4932106040497036545, execCtx 2, dbName (null)) no such table: mdcoresyncenginedatabase_upgrade_cql_schema_facets in "SELECT version
03-18 18:08:24.639 29138  6553 E msys    : E[D cql]MCISQLiteLogDatabaseErrorWithFormat(70)=>MCQMdcoresyncenginedatabaseUpgradeCqlGetFacetVersion: (1)(1) no such table: mdcoresyncenginedatabase_upgrade_cql_schema_facets
03-18 18:08:24.643 29138  5841 W soft_error.cpp: [pando::graphql::PandoGraphQLRequestHybrid::assertValid] : Using a PandoGraphQLRequest after it has been consumed. Query name is IGProfileTimelineQuery
03-18 18:08:24.650 29138  6553 E msys    : E[S send]_MCDEpochCreateByData(288)=>Failed to find an existing network_requests row ( queue name = (null), sync database id = 223, network task identifier = (null)): Error Domain=Facebook_MCD_epoch Code=200004
03-18 18:08:25.021 29138  6295 E StellaIntentHelper: android.content.pm.PackageManager$NameNotFoundException: com.facebook.stella
03-18 18:08:25.029 29138  6295 E IgFunctionalErrorEvent: DIRECT_IRIS_MESSAGE_SYNC
03-18 18:08:25.029 29138  6295 E IgFunctionalErrorEvent: java.lang.RuntimeException: Unexpected seqId overlap
03-18 18:08:25.029 29138  6295 E IgFunctionalErrorEvent:        at X.8ib.A00(:48)
03-18 18:08:25.029 29138  6295 E IgFunctionalErrorEvent:        at X.8ib.A01(:145)
03-18 18:08:25.029 29138  6295 E IgFunctionalErrorEvent:        at X.4gf.A06(:170)
03-18 18:08:25.029 29138  6295 E IgFunctionalErrorEvent:        at X.4gf.A0L(:225)
03-18 18:08:25.029 29138  6295 E IgFunctionalErrorEvent:        at X.9jx.handleMessage(Unknown Source:828)
03-18 18:08:25.029 29138  6295 E IgFunctionalErrorEvent:        at android.os.Handler.dispatchMessage(Handler.java:108)
03-18 18:08:25.029 29138  6295 E IgFunctionalErrorEvent:        at android.os.Looper.loopOnce(Looper.java:226)
03-18 18:08:25.029 29138  6295 E IgFunctionalErrorEvent:        at android.os.Looper.loop(Looper.java:328)
03-18 18:08:25.029 29138  6295 E IgFunctionalErrorEvent:        at android.os.HandlerThread.run(HandlerThread.java:67)
03-18 18:08:25.029 29138  6295 E IgFunctionalErrorEvent:         logview_group_by = error_message
03-18 18:08:25.029 29138  6295 E IgFunctionalErrorEvent:         error_message = [ignition] Unexpected seqId overlap
03-18 18:08:25.029 29138  6295 E IgFunctionalErrorEvent:         min.seq_id.delta = -9
03-18 18:08:25.040 29138  6295 E StellaIntentHelper: android.content.pm.PackageManager$NameNotFoundException: com.facebook.stella
03-18 18:08:25.047 29138  6295 E IgFunctionalErrorEvent: DIRECT_IRIS_MESSAGE_SYNC
03-18 18:08:25.047 29138  6295 E IgFunctionalErrorEvent: java.lang.RuntimeException: Unexpected older seqId
03-18 18:08:25.047 29138  6295 E IgFunctionalErrorEvent:        at X.8ib.A00(:48)
03-18 18:08:25.047 29138  6295 E IgFunctionalErrorEvent:        at X.8ib.A01(:145)
03-18 18:08:25.047 29138  6295 E IgFunctionalErrorEvent:        at X.4gf.A06(:170)
03-18 18:08:25.047 29138  6295 E IgFunctionalErrorEvent:        at X.4gf.A0L(:225)
03-18 18:08:25.047 29138  6295 E IgFunctionalErrorEvent:        at X.9jx.handleMessage(Unknown Source:828)
03-18 18:08:25.047 29138  6295 E IgFunctionalErrorEvent:        at android.os.Handler.dispatchMessage(Handler.java:108)
03-18 18:08:25.047 29138  6295 E IgFunctionalErrorEvent:        at android.os.Looper.loopOnce(Looper.java:226)
03-18 18:08:25.047 29138  6295 E IgFunctionalErrorEvent:        at android.os.Looper.loop(Looper.java:328)
03-18 18:08:25.047 29138  6295 E IgFunctionalErrorEvent:        at android.os.HandlerThread.run(HandlerThread.java:67)
03-18 18:08:25.047 29138  6295 E IgFunctionalErrorEvent:         logview_group_by = error_message
03-18 18:08:25.047 29138  6295 E IgFunctionalErrorEvent:         error_message = [ignition] Unexpected older seqId
03-18 18:08:25.047 29138  6295 E IgFunctionalErrorEvent:         max.seq_id.delta = -10
03-18 18:08:25.047 29138  6295 E IgFunctionalErrorEvent: DIRECT_IRIS_MESSAGE_SYNC
03-18 18:08:25.047 29138  6295 E IgFunctionalErrorEvent: java.lang.RuntimeException: Unexpected seqId overlap
03-18 18:08:25.047 29138  6295 E IgFunctionalErrorEvent:        at X.8ib.A00(:48)
03-18 18:08:25.047 29138  6295 E IgFunctionalErrorEvent:        at X.8ib.A01(:145)
03-18 18:08:25.047 29138  6295 E IgFunctionalErrorEvent:        at X.4gf.A06(:170)
03-18 18:08:25.047 29138  6295 E IgFunctionalErrorEvent:        at X.4gf.A0L(:225)
03-18 18:08:25.047 29138  6295 E IgFunctionalErrorEvent:        at X.9jx.handleMessage(Unknown Source:828)
03-18 18:08:25.047 29138  6295 E IgFunctionalErrorEvent:        at android.os.Handler.dispatchMessage(Handler.java:108)
03-18 18:08:25.047 29138  6295 E IgFunctionalErrorEvent:        at android.os.Looper.loopOnce(Looper.java:226)
03-18 18:08:25.047 29138  6295 E IgFunctionalErrorEvent:        at android.os.Looper.loop(Looper.java:328)
03-18 18:08:25.047 29138  6295 E IgFunctionalErrorEvent:        at android.os.HandlerThread.run(HandlerThread.java:67)
03-18 18:08:25.047 29138  6295 E IgFunctionalErrorEvent:         logview_group_by = error_message
03-18 18:08:25.047 29138  6295 E IgFunctionalErrorEvent:         error_message = [ignition] Unexpected seqId overlap
03-18 18:08:25.047 29138  6295 E IgFunctionalErrorEvent:         min.seq_id.delta = -9
03-18 18:08:25.132 29138  5841 W ClassLoaderConfiguration: 6 suppressed exceptions were found in BaseDexClassLoader.
03-18 18:08:25.136 29138  5841 W ClassLoaderConfiguration: Suppressed exception:
03-18 18:08:25.136 29138  5841 W ClassLoaderConfiguration: java.io.IOException: Failed to open dex files from /data/app/~~_LSqmldyCUFBun2eDXp4QA==/com.instagram.android-UyQrxwnNMu3u8AD09dMUow==/split_config.xxhdpi.apk because: Failed to find entry 'classes.dex': Entry not found
03-18 18:08:25.137 29138  5841 W ClassLoaderConfiguration: Suppressed exception:
03-18 18:08:25.137 29138  5841 W ClassLoaderConfiguration: java.io.IOException: Failed to open dex files from /data/app/~~_LSqmldyCUFBun2eDXp4QA==/com.instagram.android-UyQrxwnNMu3u8AD09dMUow==/split_executorch.apk because: Failed to find entry 'classes.dex': Entry not found
03-18 18:08:25.137 29138  5841 W ClassLoaderConfiguration: Suppressed exception:
03-18 18:08:25.137 29138  5841 W ClassLoaderConfiguration: java.io.IOException: Failed to open dex files from /data/app/~~_LSqmldyCUFBun2eDXp4QA==/com.instagram.android-UyQrxwnNMu3u8AD09dMUow==/split_heliumcore.apk because: Failed to find entry 'classes.dex': Entry not found
03-18 18:08:25.137 29138  5841 W ClassLoaderConfiguration: Suppressed exception:
03-18 18:08:25.137 29138  5841 W ClassLoaderConfiguration: java.io.IOException: Failed to open dex files from /data/app/~~_LSqmldyCUFBun2eDXp4QA==/com.instagram.android-UyQrxwnNMu3u8AD09dMUow==/split_heliumiab.apk because: Failed to find entry 'classes.dex': Entry not found
03-18 18:08:25.137 29138  5841 W ClassLoaderConfiguration: Suppressed exception:
03-18 18:08:25.137 29138  5841 W ClassLoaderConfiguration: java.io.IOException: Failed to open dex files from /data/app/~~_LSqmldyCUFBun2eDXp4QA==/com.instagram.android-UyQrxwnNMu3u8AD09dMUow==/split_pytorch.apk because: Failed to find entry 'classes.dex': Entry not found
03-18 18:08:25.137 29138  5841 W ClassLoaderConfiguration: Suppressed exception:
03-18 18:08:25.137 29138  5841 W ClassLoaderConfiguration: java.io.IOException: Failed to open dex files from /data/app/~~_LSqmldyCUFBun2eDXp4QA==/com.instagram.android-UyQrxwnNMu3u8AD09dMUow==/split_spm.apk because: Failed to find entry 'classes.dex': Entry not found
03-18 18:08:25.195 29138  6295 E IgFunctionalErrorEvent: DIRECT_IRIS_MESSAGE_SYNC
03-18 18:08:25.204 29138  6295 E IgFunctionalErrorEvent: java.lang.RuntimeException: Unexpected older seqId
03-18 18:08:25.204 29138  6295 E IgFunctionalErrorEvent:        at X.8ib.A00(:48)
03-18 18:08:25.204 29138  6295 E IgFunctionalErrorEvent:        at X.8ib.A01(:145)
03-18 18:08:25.204 29138  6295 E IgFunctionalErrorEvent:        at X.4gf.A06(:170)
03-18 18:08:25.204 29138  6295 E IgFunctionalErrorEvent:        at X.4gf.A04(:10)
03-18 18:08:25.204 29138  6295 E IgFunctionalErrorEvent:        at X.8hz.handleMessage(:993)
03-18 18:08:25.204 29138  6295 E IgFunctionalErrorEvent:        at android.os.Handler.dispatchMessage(Handler.java:108)
03-18 18:08:25.204 29138  6295 E IgFunctionalErrorEvent:        at android.os.Looper.loopOnce(Looper.java:226)
03-18 18:08:25.204 29138  6295 E IgFunctionalErrorEvent:        at android.os.Looper.loop(Looper.java:328)
03-18 18:08:25.204 29138  6295 E IgFunctionalErrorEvent:        at android.os.HandlerThread.run(HandlerThread.java:67)
03-18 18:08:25.205 29138  6295 E IgFunctionalErrorEvent:         logview_group_by = error_message
03-18 18:08:25.205 29138  6295 E IgFunctionalErrorEvent:         error_message = [ignition] Unexpected older seqId
03-18 18:08:25.205 29138  6295 E IgFunctionalErrorEvent:         max.seq_id.delta = -11
03-18 18:08:25.205 29138  6295 E IgFunctionalErrorEvent: DIRECT_IRIS_MESSAGE_SYNC
03-18 18:08:25.205 29138  6295 E IgFunctionalErrorEvent: java.lang.RuntimeException: Unexpected older seqId
03-18 18:08:25.205 29138  6295 E IgFunctionalErrorEvent:        at X.8ib.A00(:48)
03-18 18:08:25.205 29138  6295 E IgFunctionalErrorEvent:        at X.8ib.A01(:145)
03-18 18:08:25.205 29138  6295 E IgFunctionalErrorEvent:        at X.4gf.A06(:170)
03-18 18:08:25.205 29138  6295 E IgFunctionalErrorEvent:        at X.4gf.A04(:10)
03-18 18:08:25.205 29138  6295 E IgFunctionalErrorEvent:        at X.8hz.handleMessage(:993)
03-18 18:08:25.205 29138  6295 E IgFunctionalErrorEvent:        at android.os.Handler.dispatchMessage(Handler.java:108)
03-18 18:08:25.205 29138  6295 E IgFunctionalErrorEvent:        at android.os.Looper.loopOnce(Looper.java:226)
03-18 18:08:25.205 29138  6295 E IgFunctionalErrorEvent:        at android.os.Looper.loop(Looper.java:328)
03-18 18:08:25.205 29138  6295 E IgFunctionalErrorEvent:        at android.os.HandlerThread.run(HandlerThread.java:67)
03-18 18:08:25.205 29138  6295 E IgFunctionalErrorEvent:         logview_group_by = error_message
03-18 18:08:25.205 29138  6295 E IgFunctionalErrorEvent:         error_message = [ignition] Unexpected older seqId
03-18 18:08:25.205 29138  6295 E IgFunctionalErrorEvent:         max.seq_id.delta = -1
03-18 18:08:25.206 29138  6295 E IgFunctionalErrorEvent: DIRECT_IRIS_MESSAGE_SYNC
03-18 18:08:25.206 29138  6295 E IgFunctionalErrorEvent: java.lang.RuntimeException: Unexpected seqId overlap
03-18 18:08:25.206 29138  6295 E IgFunctionalErrorEvent:        at X.8ib.A00(:48)
03-18 18:08:25.206 29138  6295 E IgFunctionalErrorEvent:        at X.8ib.A01(:145)
03-18 18:08:25.206 29138  6295 E IgFunctionalErrorEvent:        at X.4gf.A06(:170)
03-18 18:08:25.206 29138  6295 E IgFunctionalErrorEvent:        at X.4gf.A04(:10)
03-18 18:08:25.206 29138  6295 E IgFunctionalErrorEvent:        at X.8hz.handleMessage(:993)
03-18 18:08:25.206 29138  6295 E IgFunctionalErrorEvent:        at android.os.Handler.dispatchMessage(Handler.java:108)
03-18 18:08:25.206 29138  6295 E IgFunctionalErrorEvent:        at android.os.Looper.loopOnce(Looper.java:226)
03-18 18:08:25.206 29138  6295 E IgFunctionalErrorEvent:        at android.os.Looper.loop(Looper.java:328)
03-18 18:08:25.206 29138  6295 E IgFunctionalErrorEvent:        at android.os.HandlerThread.run(HandlerThread.java:67)
03-18 18:08:25.206 29138  6295 E IgFunctionalErrorEvent:         logview_group_by = error_message
03-18 18:08:25.206 29138  6295 E IgFunctionalErrorEvent:         error_message = [ignition] Unexpected seqId overlap
03-18 18:08:25.206 29138  6295 E IgFunctionalErrorEvent:         min.seq_id.delta = 0
03-18 18:08:25.330 29138  6576 W soft_error.cpp: [pando::graphql::PandoGraphQLRequestHybrid::assertValid] : Using a PandoGraphQLRequest after it has been consumed. Query name is FetchMemuProfile
03-18 18:08:25.377 29138  6576 W soft_error.cpp: [pando::graphql::PandoGraphQLRequestHybrid::assertValid] : Using a PandoGraphQLRequest after it has been consumed. Query name is IGPaginatedShareSheetQuery
03-18 18:08:25.461 29138  5841 W soft_error.cpp: [pando::graphql::PandoGraphQLRequestHybrid::assertValid] : Using a PandoGraphQLRequest after it has been consumed. Query name is FxIgXavSwitcherBadgingDataQuery
03-18 18:08:25.464 29138  5841 W soft_error.cpp: [pando::graphql::PandoGraphQLRequestHybrid::assertValid] : Using a PandoGraphQLRequest after it has been consumed. Query name is FxIgLinkageCacheQuery
03-18 18:08:25.467 29138  5841 W soft_error.cpp: [pando::graphql::PandoGraphQLRequestHybrid::assertValid] : Using a PandoGraphQLRequest after it has been consumed. Query name is FxIgXavSwitcherBadgingDataQuery
03-18 18:08:25.472 29138  6602 E chromium: [ERROR:android_webview/browser/variations/variations_seed_loader.cc:39] Seed missing signature.
03-18 18:08:25.488 29138  5841 W soft_error.cpp: [pando::graphql::PandoGraphQLRequestHybrid::assertValid] : Using a PandoGraphQLRequest after it has been consumed. Query name is DcpFeaturesUpload
03-18 18:08:25.538 29138  6516 W IgMetaConfig: java.lang.RuntimeException: Could not obtain MC, call-site will receive default values
03-18 18:08:25.553 29138  6516 W IgMetaConfig: java.lang.RuntimeException: Could not obtain MC, call-site will receive default values
03-18 18:08:25.555 29138  6516 W IgMetaConfig: java.lang.RuntimeException: Could not obtain MC, call-site will receive default values
03-18 18:08:25.565 29138  6516 W IgMetaConfig: java.lang.RuntimeException: Could not obtain MC, call-site will receive default values
03-18 18:08:25.568 29138  6516 W IgMetaConfig: java.lang.RuntimeException: Could not obtain MC, call-site will receive default values
03-18 18:08:25.569 29138  6516 W IgMetaConfig: java.lang.RuntimeException: Could not obtain MC, call-site will receive default values
03-18 18:08:25.711  6631  6631 W FileUtils: Failed to chmod(/data/user/0/com.facebook.services/app_restricted_mode): android.system.ErrnoException: chmod failed: ENOENT (No such file or directory)
03-18 18:08:25.712  6631  6631 W FileUtils: Failed to chmod(/data/user/0/com.facebook.services/app_restricted_mode): android.system.ErrnoException: chmod failed: ENOENT (No such file or directory)
03-18 18:08:25.730  6631  6631 W FileUtils: Failed to chmod(/data/user/0/com.facebook.services/app_restricted_mode): android.system.ErrnoException: chmod failed: ENOENT (No such file or directory)
03-18 18:08:25.999 29138  6568 W soft_error.cpp: [pando::graphql::PandoGraphQLRequestHybrid::assertValid] : Using a PandoGraphQLRequest after it has been consumed. Query name is HasAvatarQuery
03-18 18:08:26.183 29138  5841 W soft_error.cpp: [pando::graphql::PandoGraphQLRequestHybrid::assertValid] : Using a PandoGraphQLRequest after it has been consumed. Query name is CrosspostingUnifiedConfigsQuery
03-18 18:08:26.187 29138  5841 W soft_error.cpp: [pando::graphql::PandoGraphQLRequestHybrid::assertValid] : Using a PandoGraphQLRequest after it has been consumed. Query name is FxIgConnectedServicesInfoQuery
03-18 18:08:26.204 29138  5841 E IgFunctionalErrorEvent: WEARABLES_IPC_ERROR
03-18 18:08:26.204 29138  5841 E IgFunctionalErrorEvent:         ipc_step = LOCATE_VIEW_APP_PACKAGES
03-18 18:08:26.204 29138  5841 E IgFunctionalErrorEvent:         reason = android.content.pm.PackageManager$NameNotFoundException: com.facebook.stella
03-18 18:08:26.219 29138  5841 W soft_error.cpp: [pando::graphql::PandoGraphQLRequestHybrid::assertValid] : Using a PandoGraphQLRequest after it has been consumed. Query name is UserAutoConfirmSystemSettingQuery
03-18 18:08:26.244 29138  6573 W soft_error.cpp: [pando::graphql::PandoGraphQLRequestHybrid::assertValid] : Using a PandoGraphQLRequest after it has been consumed. Query name is KnotsConfigQuery
03-18 18:08:26.355 29138  6668 W soft_error.cpp: [pando::graphql::PandoGraphQLRequestHybrid::assertValid] : Using a PandoGraphQLRequest after it has been consumed. Query name is CarreraPopulateInferredInterestsMutation
03-18 18:08:26.359 29138  6566 W soft_error.cpp: [pando::graphql::PandoGraphQLRequestHybrid::assertValid] : Using a PandoGraphQLRequest after it has been consumed. Query name is IGContentFilterDictionaryLookupQuery
03-18 18:08:26.365 29138  6668 W soft_error.cpp: [pando::graphql::PandoGraphQLRequestHybrid::assertValid] : Using a PandoGraphQLRequest after it has been consumed. Query name is XAVSwitcherFetchFBNTAEligibilityQuery
03-18 18:08:26.730 29138  6516 W soft_error.cpp: [pando::graphql::PandoGraphQLRequestHybrid::assertValid] : Using a PandoGraphQLRequest after it has been consumed. Query name is CXPFbStoriesCurrentPrivacyQuery
03-18 18:08:32.580  6419  6446 I Finsky  : [3464] SettingNotFoundException, fall through to G.downloadBytesOverMobileMaximum
03-18 18:08:32.582  6419  6446 I Finsky  : [3464] SettingNotFoundException, fall through to G.downloadBytesOverMobileRecommended
03-18 18:08:33.463 29138 29138 W soft_error.cpp: [pando::graphql::PandoGraphQLRequestHybrid::assertValid] : Using a PandoGraphQLRequest after it has been consumed. Query name is LikeMutation
03-18 18:08:35.389 29138  6668 W soft_error.cpp: [pando::graphql::PandoGraphQLRequestHybrid::assertValid] : Using a PandoGraphQLRequest after it has been consumed. Query name is QuickPromotionSurfaceQueryV3
03-18 18:08:41.742 29138  6668 W soft_error.cpp: [pando::graphql::PandoGraphQLRequestHybrid::assertValid] : Using a PandoGraphQLRequest after it has been consumed. Query name is MetaAiContentDeepDiveQuery
03-18 18:08:41.742 29138 29138 W soft_error.cpp: [pando::graphql::PandoGraphQLRequestHybrid::assertValid] : Using a PandoGraphQLRequest after it has been consumed. Query name is GetFullDataContentAppreciationQuery
03-18 18:08:41.887 29138 29138 W soft_error.cpp: [pando::graphql::PandoGraphQLRequestHybrid::assertValid] : Using a PandoGraphQLRequest after it has been consumed. Query name is IGAvatarInfoQuery
03-18 18:08:57.542 29138 29138 W soft_error.cpp: [pando::graphql::PandoGraphQLRequestHybrid::assertValid] : Using a PandoGraphQLRequest after it has been consumed. Query name is FxGetIGDelaySkipInfoQuery
03-18 18:08:57.551 29138 29138 W soft_error.cpp: [pando::graphql::PandoGraphQLRequestHybrid::assertValid] : Using a PandoGraphQLRequest after it has been consumed. Query name is IGAvatarInfoQuery
03-18 18:08:57.565 29138  6668 W soft_error.cpp: [pando::graphql::PandoGraphQLRequestHybrid::assertValid] : Using a PandoGraphQLRequest after it has been consumed. Query name is AREffectConsentStateQuery
03-18 18:08:57.641 29138 29138 W soft_error.cpp: [pando::graphql::PandoGraphQLRequestHybrid::assertValid] : Using a PandoGraphQLRequest after it has been consumed. Query name is FxIgConnectedServicesInfoQuery
03-18 18:09:08.924 29138  6668 W soft_error.cpp: [pando::graphql::PandoGraphQLRequestHybrid::assertValid] : Using a PandoGraphQLRequest after it has been consumed. Query name is QuickPromotionSurfaceQueryV3
03-18 18:09:25.755 29138 29138 W soft_error.cpp: [pando::graphql::PandoGraphQLRequestHybrid::assertValid] : Using a PandoGraphQLRequest after it has been consumed. Query name is FxGetIGDelaySkipInfoQuery
03-18 18:09:25.758 29138 29138 W soft_error.cpp: [pando::graphql::PandoGraphQLRequestHybrid::assertValid] : Using a PandoGraphQLRequest after it has been consumed. Query name is IGAvatarInfoQuery
03-18 18:09:25.807 29138 29138 W soft_error.cpp: [pando::graphql::PandoGraphQLRequestHybrid::assertValid] : Using a PandoGraphQLRequest after it has been consumed. Query name is FxIgConnectedServicesInfoQuery
03-18 18:10:07.181 31862  7373 E jhew    : java.lang.RuntimeException: ManagedChannel allocation site
03-18 18:10:16.300 29138  6295 W soft_error.cpp: [pando::graphql::PandoGraphQLRequestHybrid::assertValid] : Using a PandoGraphQLRequest after it has been consumed. Query name is IGDirectGetThreadQuery
03-18 18:10:17.096 29138 29138 E IgFunctionalErrorEvent: WEARABLES_IPC_ERROR
03-18 18:10:17.096 29138 29138 E IgFunctionalErrorEvent:         ipc_step = LOCATE_VIEW_APP_PACKAGES
03-18 18:10:17.096 29138 29138 E IgFunctionalErrorEvent:         reason = android.content.pm.PackageManager$NameNotFoundException: com.facebook.stella
03-18 18:10:34.296  6419  6419 W Finsky  : [2] STU: Failed to get storage stats for package 'com.instagram.android' (1601: Error getting stats: android.content.pm.PackageManager.NameNotFoundException)
03-18 18:10:34.803  6419  6475 E RequestContextBuilder: java.lang.SecurityException: No permission to access APN settings
03-18 18:10:34.803  6419  6475 E RequestContextBuilder:         at android.os.Parcel.createExceptionOrNull(Parcel.java:3093)
03-18 18:10:34.803  6419  6475 E RequestContextBuilder:         at android.os.Parcel.createException(Parcel.java:3077)
03-18 18:10:34.803  6419  6475 E RequestContextBuilder:         at android.os.Parcel.readException(Parcel.java:3060)
03-18 18:10:34.803  6419  6475 E RequestContextBuilder:         at android.database.DatabaseUtils.readExceptionFromParcel(DatabaseUtils.java:190)
03-18 18:10:34.803  6419  6475 E RequestContextBuilder:         at android.database.DatabaseUtils.readExceptionFromParcel(DatabaseUtils.java:142)
03-18 18:10:34.877 17082  6552 E DatabaseUtils: Writing exception to parcel
03-18 18:10:34.877 17082  6552 E DatabaseUtils: java.lang.SecurityException: Permission Denial: reading com.bbk.launcher2.data.provider.LauncherProvider uri content://com.bbk.launcher2.settings/favorites?notify=true from pid=8154, uid=10054 requires com.bbk.launcher2.permission.READ_SETTINGS, or grantUriPermission()
03-18 18:10:34.884 17082  6552 E DatabaseUtils: Writing exception to parcel
03-18 18:10:34.884 17082  6552 E DatabaseUtils: java.lang.SecurityException: Permission Denial: reading com.bbk.launcher2.data.provider.LauncherProvider uri content://com.bbk.launcher2.settings/favorites?notify=true from pid=8154, uid=10054 requires com.bbk.launcher2.permission.READ_SETTINGS, or grantUriPermission()
03-18 18:11:05.776  6419  6419 W Finsky  : [2] STU: Failed to get storage stats for package 'com.google.mainline.primary.libs' (1601: Error getting stats: android.content.pm.PackageManager.NameNotFoundException)
03-18 18:11:05.793  6419  6419 W Finsky  : [2] STU: Failed to get storage stats for package 'com.android.wifi' (1601: Error getting stats: android.content.pm.PackageManager.NameNotFoundException)
03-18 18:11:05.958  6419  6419 W Finsky  : [2] STU: Failed to get storage stats for package 'com.android.apex.cts.shim' (1601: Error getting stats: android.content.pm.PackageManager.NameNotFoundException)
03-18 18:11:06.050  6419  6419 W Finsky  : [2] STU: Failed to get storage stats for package 'com.google.android.appsearch' (1601: Error getting stats: android.content.pm.PackageManager.NameNotFoundException)
03-18 18:11:06.050  6419  6419 W Finsky  : [2] STU: Failed to get storage stats for package 'com.google.android.art' (1601: Error getting stats: android.content.pm.PackageManager.NameNotFoundException)
03-18 18:11:06.115  6419  6419 W Finsky  : [2] STU: Failed to get storage stats for package 'com.google.android.mediaprovider' (1601: Error getting stats: android.content.pm.PackageManager.NameNotFoundException)
03-18 18:11:06.134  6419  6419 W Finsky  : [2] STU: Failed to get storage stats for package 'com.android.virt' (1601: Error getting stats: android.content.pm.PackageManager.NameNotFoundException)
03-18 18:11:06.156  6419  6419 W Finsky  : [2] STU: Failed to get storage stats for package 'com.google.android.resolv' (1601: Error getting stats: android.content.pm.PackageManager.NameNotFoundException)
03-18 18:11:06.198  6419  6419 W Finsky  : [2] STU: Failed to get storage stats for package 'com.google.android.configinfrastructure' (1601: Error getting stats: android.content.pm.PackageManager.NameNotFoundException)
03-18 18:11:06.198  6419  6419 W Finsky  : [2] STU: Failed to get storage stats for package 'com.google.android.media' (1601: Error getting stats: android.content.pm.PackageManager.NameNotFoundException)
03-18 18:11:06.236  6419  6419 W Finsky  : [2] STU: Failed to get storage stats for package 'com.android.vndk.v31' (1601: Error getting stats: android.content.pm.PackageManager.NameNotFoundException)
03-18 18:11:06.238  6419  6419 W Finsky  : [2] STU: Failed to get storage stats for package 'com.android.vndk.v30' (1601: Error getting stats: android.content.pm.PackageManager.NameNotFoundException)
03-18 18:11:06.238  6419  6419 W Finsky  : [2] STU: Failed to get storage stats for package 'com.android.vndk.v33' (1601: Error getting stats: android.content.pm.PackageManager.NameNotFoundException)
03-18 18:11:06.248  6419  6419 W Finsky  : [2] STU: Failed to get storage stats for package 'com.android.vndk.v32' (1601: Error getting stats: android.content.pm.PackageManager.NameNotFoundException)
03-18 18:11:06.249  6419  6419 W Finsky  : [2] STU: Failed to get storage stats for package 'com.android.vndk.v34' (1601: Error getting stats: android.content.pm.PackageManager.NameNotFoundException)
03-18 18:11:06.327  6419  6419 W Finsky  : [2] STU: Failed to get storage stats for package 'com.google.android.sdkext' (1601: Error getting stats: android.content.pm.PackageManager.NameNotFoundException)
03-18 18:11:06.361  6419  6419 W Finsky  : [2] STU: Failed to get storage stats for package 'com.google.android.adservices' (1601: Error getting stats: android.content.pm.PackageManager.NameNotFoundException)
03-18 18:11:06.361  6419  6419 W Finsky  : [2] STU: Failed to get storage stats for package 'com.google.android.tethering' (1601: Error getting stats: android.content.pm.PackageManager.NameNotFoundException)
03-18 18:11:06.422  6419  6419 W Finsky  : [2] STU: Failed to get storage stats for package 'com.android.runtime' (1601: Error getting stats: android.content.pm.PackageManager.NameNotFoundException)
03-18 18:11:06.456  6419  6419 W Finsky  : [2] STU: Failed to get storage stats for package 'com.google.android.cellbroadcast' (1601: Error getting stats: android.content.pm.PackageManager.NameNotFoundException)
03-18 18:11:06.676  6419  6419 W Finsky  : [2] STU: Failed to get storage stats for package 'com.google.android.tzdata5' (1601: Error getting stats: android.content.pm.PackageManager.NameNotFoundException)
03-18 18:11:06.714  6419  6419 W Finsky  : [2] STU: Failed to get storage stats for package 'com.google.android.permission' (1601: Error getting stats: android.content.pm.PackageManager.NameNotFoundException)
03-18 18:11:07.817  6419  6419 W Finsky  : [2] STU: Failed to get storage stats for package 'com.google.android.media.swcodec' (1601: Error getting stats: android.content.pm.PackageManager.NameNotFoundException)
03-18 18:11:08.074  6419  6419 W Finsky  : [2] STU: Failed to get storage stats for package 'com.google.android.adbd' (1601: Error getting stats: android.content.pm.PackageManager.NameNotFoundException)
03-18 18:11:08.095  6419  6419 W Finsky  : [2] STU: Failed to get storage stats for package 'com.android.i18n' (1601: Error getting stats: android.content.pm.PackageManager.NameNotFoundException)
03-18 18:11:08.098  6419  6419 W Finsky  : [2] STU: Failed to get storage stats for package 'com.google.android.conscrypt' (1601: Error getting stats: android.content.pm.PackageManager.NameNotFoundException)
03-18 18:11:08.155  6419  6419 W Finsky  : [2] STU: Failed to get storage stats for package 'com.google.android.neuralnetworks' (1601: Error getting stats: android.content.pm.PackageManager.NameNotFoundException)
03-18 18:11:08.172  6419  6419 W Finsky  : [2] STU: Failed to get storage stats for package 'com.google.android.ipsec' (1601: Error getting stats: android.content.pm.PackageManager.NameNotFoundException)
03-18 18:11:08.173  6419  6419 W Finsky  : [2] STU: Failed to get storage stats for package 'com.android.devicelock' (1601: Error getting stats: android.content.pm.PackageManager.NameNotFoundException)
03-18 18:11:08.212  6419  6419 W Finsky  : [2] STU: Failed to get storage stats for package 'com.google.android.ondevicepersonalization' (1601: Error getting stats: android.content.pm.PackageManager.NameNotFoundException)
03-18 18:11:08.217  6419  6419 W Finsky  : [2] STU: Failed to get storage stats for package 'com.google.android.healthfitness' (1601: Error getting stats: android.content.pm.PackageManager.NameNotFoundException)
03-18 18:11:08.276  6419  6419 W Finsky  : [2] STU: Failed to get storage stats for package 'com.android.uwb' (1601: Error getting stats: android.content.pm.PackageManager.NameNotFoundException)
03-18 18:11:08.278  6419  6419 W Finsky  : [2] STU: Failed to get storage stats for package 'com.google.android.extservices' (1601: Error getting stats: android.content.pm.PackageManager.NameNotFoundException)
03-18 18:11:08.355  6419  6419 W Finsky  : [2] STU: Failed to get storage stats for package 'com.google.android.os.statsd' (1601: Error getting stats: android.content.pm.PackageManager.NameNotFoundException)
03-18 18:11:08.365  6419  6419 W Finsky  : [2] STU: Failed to get storage stats for package 'com.android.rkpd' (1601: Error getting stats: android.content.pm.PackageManager.NameNotFoundException)
03-18 18:11:08.372  6419  6419 W Finsky  : [2] STU: Failed to get storage stats for package 'com.google.android.scheduling' (1601: Error getting stats: android.content.pm.PackageManager.NameNotFoundException)
03-18 18:12:04.685  7209  7836 E emxy    :              at tk_trace.Suppressed exceptions exceeds the limit 10, additional unfinished spans will not be reported(Unknown Source:0)
03-18 18:12:04.687  7209  7760 E emxy    :              at tk_trace.Suppressed exceptions exceeds the limit 10, additional unfinished spans will not be reported(Unknown Source:0)
03-18 18:12:04.695  7209  7839 E emxy    :              at tk_trace.Suppressed exceptions exceeds the limit 10, additional unfinished spans will not be reported(Unknown Source:0)
03-18 18:12:39.977  9305  9305 E FeatureFlagsImplExport: android.os.flagging.AconfigStorageReadException: ERROR_PACKAGE_NOT_FOUND: package com.android.permission.flags cannot be found on the device
03-18 18:12:39.982  9305  9305 E FeatureFlagsImplExport: android.os.flagging.AconfigStorageReadException: ERROR_PACKAGE_NOT_FOUND: package android.permission.flags cannot be found on the device
03-18 18:12:39.982  9305  9305 E FeatureFlagsImplExport: android.os.flagging.AconfigStorageReadException: ERROR_PACKAGE_NOT_FOUND: package android.companion cannot be found on the device
03-18 18:12:39.991  9305  9305 E FeatureFlagsImplExport: android.os.flagging.AconfigStorageReadException: ERROR_PACKAGE_NOT_FOUND: package android.content.pm cannot be found on the device
03-18 18:12:40.005  9305  9305 E FeatureFlagsImplExport: android.os.flagging.AconfigStorageReadException: ERROR_PACKAGE_NOT_FOUND: package android.companion.virtualdevice.flags cannot be found on the device
03-18 18:12:40.032  9305  9305 E FeatureFlagsImplExport: android.os.flagging.AconfigStorageReadException: ERROR_PACKAGE_NOT_FOUND: package android.xr cannot be found on the device
03-18 18:12:40.670  9305  9409 E FeatureFlagsImplExport: android.os.flagging.AconfigStorageReadException: ERROR_PACKAGE_NOT_FOUND: package com.android.window.flags cannot be found on the device
03-18 18:12:45.261 29852  9618 W unknown:ViewManagerPropertyUpdater: Could not find generated setter for class com.reactnativekeyboardcontroller.OverKeyboardViewManager
03-18 18:12:45.263 29852  9618 W unknown:ViewManagerPropertyUpdater: Could not find generated setter for class com.reactnativekeyboardcontroller.views.overlay.OverKeyboardHostShadowNode
03-18 18:12:45.264 29852  9618 W unknown:ViewManagerPropertyUpdater: Could not find generated setter for class com.reactnativekeyboardcontroller.KeyboardToolbarGroupViewManager
03-18 18:12:45.271 29852  9618 W unknown:ViewManagerPropertyUpdater: Could not find generated setter for class com.reactnativekeyboardcontroller.KeyboardGestureAreaViewManager
03-18 18:12:45.277 29852  9618 W unknown:ViewManagerPropertyUpdater: Could not find generated setter for class java.com.reactnativekeyboardcontroller.ClippingScrollViewDecoratorViewManager
03-18 18:12:45.278 29852  9618 W unknown:ViewManagerPropertyUpdater: Could not find generated setter for class com.reactnativekeyboardcontroller.KeyboardControllerViewManager
03-18 18:12:45.280 29852  9618 W unknown:ViewManagerPropertyUpdater: Could not find generated setter for class com.reactnativekeyboardcontroller.KeyboardBackgroundViewManager
03-18 18:12:45.515 29852  9618 I ReactNativeJS: Running "main"
03-18 18:12:45.657 29852  9618 W ReactNativeJS: [expo-av]: Expo AV has been deprecated and will be removed in SDK 54. Use the `expo-audio` and `expo-video` packages to replace the required functionality.
03-18 18:12:45.714 29852  9618 E ReactNativeJS: { [TypeError: Cannot read property 'useMemoCache' of null]
03-18 18:12:45.714 29852  9618 E ReactNativeJS:   componentStack: '\n    at RootLayout (address at index.android.bundle:1:2151632)\n    at Suspense (<anonymous>)\n    at Route (address at index.android.bundle:1:3000929)\n    at BaseRoute (address at index.android.bundle:1:3024639)\n    at StaticContainer (address at index.android.bundle:1:2941248)\n    at EnsureSingleNavigator (address at index.android.bundle:1:2887247)\n    at SceneView (address at index.android.bundle:1:2939279)\n    at NavigationProvider (address at index.android.bundle:1:2917754)\n    at PreventRemoveProvider (address at index.android.bundle:1:2920050)\n    at NavigationStateListenerProvider (address at index.android.bundle:1:2946566)\n    at NavigationContent (address at index.android.bundle:1:2936508)\n    at anonymous (address at index.android.bundle:1:2936411)\n    at Content (address at index.android.bundle:1:2859355)\n    at RNCSafeAreaProvider (<anonymous>)\n    at SafeAreaProvider (address at index.android.bundle:1:2969115)\n    at LinkPreviewContextProvider (address at index.android.bundle:1:3133902)\n    at anonymous (address at index.android.bundle:1:2858256)\n    at ThemeProvider (address at index.android.bundle:1:2889403)\n    at EnsureSingleNavigator (address at index.android.bundle:1:2887247)\n    at BaseNavigationContainer (address at index.android.bundle:1:2866003)\n    at NavigationContainerInner (address at index.android.bundle:1:3181835)\n    at ContextNavigator (address at index.android.bundle:1:2858485)\n    at ExpoRoot (address at index.android.bundle:1:2858129)\n    at App (<anonymous>)\n    at RCTView (<anonymous>)\n    at View (address at index.android.bundle:1:513165)\n    at AppContainer (address at index.android.bundle:1:512493)',
03-18 18:12:45.714 29852  9618 E ReactNativeJS:   isComponentError: true }
03-18 18:12:45.716 29852  9619 E unknown:ReactNative: TypeError: Cannot read property 'useMemoCache' of null
03-18 18:12:45.716 29852  9619 E unknown:ReactNative:
03-18 18:12:45.716 29852  9619 E unknown:ReactNative: This error is located at:
03-18 18:12:45.716 29852  9619 E unknown:ReactNative:     at RootLayout (address at index.android.bundle:1:2151632)
03-18 18:12:45.716 29852  9619 E unknown:ReactNative:     at Suspense (<anonymous>)
03-18 18:12:45.716 29852  9619 E unknown:ReactNative:     at Route (address at index.android.bundle:1:3000929)
03-18 18:12:45.716 29852  9619 E unknown:ReactNative:     at BaseRoute (address at index.android.bundle:1:3024639)
03-18 18:12:45.716 29852  9619 E unknown:ReactNative:     at StaticContainer (address at index.android.bundle:1:2941248)
03-18 18:12:45.716 29852  9619 E unknown:ReactNative:     at EnsureSingleNavigator (address at index.android.bundle:1:2887247)
03-18 18:12:45.716 29852  9619 E unknown:ReactNative:     at SceneView (address at index.android.bundle:1:2939279)
03-18 18:12:45.716 29852  9619 E unknown:ReactNative:     at NavigationProvider (address at index.android.bundle:1:2917754)
03-18 18:12:45.716 29852  9619 E unknown:ReactNative:     at PreventRemoveProvider (address at index.android.bundle:1:2920050)
03-18 18:12:45.716 29852  9619 E unknown:ReactNative:     at NavigationStateListenerProvider (address at index.android.bundle:1:2946566)
03-18 18:12:45.716 29852  9619 E unknown:ReactNative:     at NavigationContent (address at index.android.bundle:1:2936508)
03-18 18:12:45.716 29852  9619 E unknown:ReactNative:     at anonymous (address at index.android.bundle:1:2936411)
03-18 18:12:45.716 29852  9619 E unknown:ReactNative:     at Content (address at index.android.bundle:1:2859355)
03-18 18:12:45.716 29852  9619 E unknown:ReactNative:     at RNCSafeAreaProvider (<anonymous>)
03-18 18:12:45.716 29852  9619 E unknown:ReactNative:     at SafeAreaProvider (address at index.android.bundle:1:2969115)
03-18 18:12:45.716 29852  9619 E unknown:ReactNative:     at LinkPreviewContextProvider (address at index.android.bundle:1:3133902)
03-18 18:12:45.716 29852  9619 E unknown:ReactNative:     at anonymous (address at index.android.bundle:1:2858256)
03-18 18:12:45.716 29852  9619 E unknown:ReactNative:     at ThemeProvider (address at index.android.bundle:1:2889403)
03-18 18:12:45.716 29852  9619 E unknown:ReactNative:     at EnsureSingleNavigator (address at index.android.bundle:1:2887247)
03-18 18:12:45.716 29852  9619 E unknown:ReactNative:     at BaseNavigationContainer (address at index.android.bundle:1:2866003)
03-18 18:12:45.716 29852  9619 E unknown:ReactNative:     at NavigationContainerInner (address at index.android.bundle:1:3181835)
03-18 18:12:45.716 29852  9619 E unknown:ReactNative:     at ContextNavigator (address at index.android.bundle:1:2858485)
03-18 18:12:45.716 29852  9619 E unknown:ReactNative:     at ExpoRoot (address at index.android.bundle:1:2858129)
03-18 18:12:45.716 29852  9619 E unknown:ReactNative:     at App (<anonymous>)
03-18 18:12:45.716 29852  9619 E unknown:ReactNative:     at RCTView (<anonymous>)
03-18 18:12:45.716 29852  9619 E unknown:ReactNative:     at View (address at index.android.bundle:1:513165)
03-18 18:12:45.716 29852  9619 E unknown:ReactNative:     at AppContainer (address at index.android.bundle:1:512493), stack:
03-18 18:12:45.716 29852  9619 E unknown:ReactNative: anonymous@1:845248
03-18 18:12:45.716 29852  9619 E unknown:ReactNative: RootLayout@1:2151632
03-18 18:12:45.716 29852  9619 E unknown:ReactNative: renderWithHooks@1:272144
03-18 18:12:45.716 29852  9619 E unknown:ReactNative: updateFunctionComponent@1:290901
03-18 18:12:45.716 29852  9619 E unknown:ReactNative: beginWork@1:298733
03-18 18:12:45.716 29852  9619 E unknown:ReactNative: performUnitOfWork@1:317368
03-18 18:12:45.716 29852  9619 E unknown:ReactNative: workLoopSync@1:316376
03-18 18:12:45.716 29852  9619 E unknown:ReactNative: renderRootSync@1:316208
03-18 18:12:45.716 29852  9619 E unknown:ReactNative: performWorkOnRoot@1:313854
03-18 18:12:45.716 29852  9619 E unknown:ReactNative: performWorkOnRootViaSchedulerTask@1:267613
03-18 18:12:45.776 29852  9619 W unknown:BridgelessReact: ReactHost{0}.handleHostException(message = "TypeError: Cannot read property 'useMemoCache' of null
03-18 18:12:45.776 29852  9619 W unknown:BridgelessReact: This error is located at:
03-18 18:12:45.776 29852  9619 E AndroidRuntime: FATAL EXCEPTION: mqt_v_native
03-18 18:12:45.776 29852  9619 E AndroidRuntime: com.facebook.react.common.JavascriptException: TypeError: Cannot read property 'useMemoCache' of null
03-18 18:12:45.776 29852  9619 E AndroidRuntime: This error is located at:
03-18 18:12:45.776 29852  9619 E AndroidRuntime:        at com.facebook.react.modules.core.ExceptionsManagerModule.reportException(ExceptionsManagerModule.kt:52)
03-18 18:12:49.801  6371  9737 W unknown:ViewManagerPropertyUpdater: Could not find generated setter for class com.reactnativekeyboardcontroller.OverKeyboardViewManager
03-18 18:12:49.803  6371  9737 W unknown:ViewManagerPropertyUpdater: Could not find generated setter for class com.reactnativekeyboardcontroller.views.overlay.OverKeyboardHostShadowNode
03-18 18:12:49.804  6371  9737 W unknown:ViewManagerPropertyUpdater: Could not find generated setter for class com.reactnativekeyboardcontroller.KeyboardToolbarGroupViewManager
03-18 18:12:49.813  6371  9737 W unknown:ViewManagerPropertyUpdater: Could not find generated setter for class com.reactnativekeyboardcontroller.KeyboardGestureAreaViewManager
03-18 18:12:49.819  6371  9737 W unknown:ViewManagerPropertyUpdater: Could not find generated setter for class java.com.reactnativekeyboardcontroller.ClippingScrollViewDecoratorViewManager
03-18 18:12:49.820  6371  9737 W unknown:ViewManagerPropertyUpdater: Could not find generated setter for class com.reactnativekeyboardcontroller.KeyboardControllerViewManager
03-18 18:12:49.822  6371  9737 W unknown:ViewManagerPropertyUpdater: Could not find generated setter for class com.reactnativekeyboardcontroller.KeyboardBackgroundViewManager
03-18 18:12:50.082  6371  9737 I ReactNativeJS: Running "main"
03-18 18:12:50.236  6371  9737 W ReactNativeJS: [expo-av]: Expo AV has been deprecated and will be removed in SDK 54. Use the `expo-audio` and `expo-video` packages to replace the required functionality.
03-18 18:12:50.310  6371  9737 E ReactNativeJS: { [TypeError: Cannot read property 'useMemoCache' of null]
03-18 18:12:50.310  6371  9737 E ReactNativeJS:   componentStack: '\n    at RootLayout (address at index.android.bundle:1:2151632)\n    at Suspense (<anonymous>)\n    at Route (address at index.android.bundle:1:3000929)\n    at BaseRoute (address at index.android.bundle:1:3024639)\n    at StaticContainer (address at index.android.bundle:1:2941248)\n    at EnsureSingleNavigator (address at index.android.bundle:1:2887247)\n    at SceneView (address at index.android.bundle:1:2939279)\n    at NavigationProvider (address at index.android.bundle:1:2917754)\n    at PreventRemoveProvider (address at index.android.bundle:1:2920050)\n    at NavigationStateListenerProvider (address at index.android.bundle:1:2946566)\n    at NavigationContent (address at index.android.bundle:1:2936508)\n    at anonymous (address at index.android.bundle:1:2936411)\n    at Content (address at index.android.bundle:1:2859355)\n    at RNCSafeAreaProvider (<anonymous>)\n    at SafeAreaProvider (address at index.android.bundle:1:2969115)\n    at LinkPreviewContextProvider (address at index.android.bundle:1:3133902)\n    at anonymous (address at index.android.bundle:1:2858256)\n    at ThemeProvider (address at index.android.bundle:1:2889403)\n    at EnsureSingleNavigator (address at index.android.bundle:1:2887247)\n    at BaseNavigationContainer (address at index.android.bundle:1:2866003)\n    at NavigationContainerInner (address at index.android.bundle:1:3181835)\n    at ContextNavigator (address at index.android.bundle:1:2858485)\n    at ExpoRoot (address at index.android.bundle:1:2858129)\n    at App (<anonymous>)\n    at RCTView (<anonymous>)\n    at View (address at index.android.bundle:1:513165)\n    at AppContainer (address at index.android.bundle:1:512493)',
03-18 18:12:50.310  6371  9737 E ReactNativeJS:   isComponentError: true }
03-18 18:12:50.315  6371  9739 E unknown:ReactNative: TypeError: Cannot read property 'useMemoCache' of null
03-18 18:12:50.315  6371  9739 E unknown:ReactNative:
03-18 18:12:50.315  6371  9739 E unknown:ReactNative: This error is located at:
03-18 18:12:50.315  6371  9739 E unknown:ReactNative:     at RootLayout (address at index.android.bundle:1:2151632)
03-18 18:12:50.315  6371  9739 E unknown:ReactNative:     at Suspense (<anonymous>)
03-18 18:12:50.315  6371  9739 E unknown:ReactNative:     at Route (address at index.android.bundle:1:3000929)
03-18 18:12:50.315  6371  9739 E unknown:ReactNative:     at BaseRoute (address at index.android.bundle:1:3024639)
03-18 18:12:50.315  6371  9739 E unknown:ReactNative:     at StaticContainer (address at index.android.bundle:1:2941248)
03-18 18:12:50.315  6371  9739 E unknown:ReactNative:     at EnsureSingleNavigator (address at index.android.bundle:1:2887247)
03-18 18:12:50.315  6371  9739 E unknown:ReactNative:     at SceneView (address at index.android.bundle:1:2939279)
03-18 18:12:50.315  6371  9739 E unknown:ReactNative:     at NavigationProvider (address at index.android.bundle:1:2917754)
03-18 18:12:50.315  6371  9739 E unknown:ReactNative:     at PreventRemoveProvider (address at index.android.bundle:1:2920050)
03-18 18:12:50.315  6371  9739 E unknown:ReactNative:     at NavigationStateListenerProvider (address at index.android.bundle:1:2946566)
03-18 18:12:50.315  6371  9739 E unknown:ReactNative:     at NavigationContent (address at index.android.bundle:1:2936508)
03-18 18:12:50.315  6371  9739 E unknown:ReactNative:     at anonymous (address at index.android.bundle:1:2936411)
03-18 18:12:50.315  6371  9739 E unknown:ReactNative:     at Content (address at index.android.bundle:1:2859355)
03-18 18:12:50.315  6371  9739 E unknown:ReactNative:     at RNCSafeAreaProvider (<anonymous>)
03-18 18:12:50.315  6371  9739 E unknown:ReactNative:     at SafeAreaProvider (address at index.android.bundle:1:2969115)
03-18 18:12:50.315  6371  9739 E unknown:ReactNative:     at LinkPreviewContextProvider (address at index.android.bundle:1:3133902)
03-18 18:12:50.315  6371  9739 E unknown:ReactNative:     at anonymous (address at index.android.bundle:1:2858256)
03-18 18:12:50.315  6371  9739 E unknown:ReactNative:     at ThemeProvider (address at index.android.bundle:1:2889403)
03-18 18:12:50.315  6371  9739 E unknown:ReactNative:     at EnsureSingleNavigator (address at index.android.bundle:1:2887247)
03-18 18:12:50.315  6371  9739 E unknown:ReactNative:     at BaseNavigationContainer (address at index.android.bundle:1:2866003)
03-18 18:12:50.315  6371  9739 E unknown:ReactNative:     at NavigationContainerInner (address at index.android.bundle:1:3181835)
03-18 18:12:50.315  6371  9739 E unknown:ReactNative:     at ContextNavigator (address at index.android.bundle:1:2858485)
03-18 18:12:50.315  6371  9739 E unknown:ReactNative:     at ExpoRoot (address at index.android.bundle:1:2858129)
03-18 18:12:50.315  6371  9739 E unknown:ReactNative:     at App (<anonymous>)
03-18 18:12:50.315  6371  9739 E unknown:ReactNative:     at RCTView (<anonymous>)
03-18 18:12:50.315  6371  9739 E unknown:ReactNative:     at View (address at index.android.bundle:1:513165)
03-18 18:12:50.315  6371  9739 E unknown:ReactNative:     at AppContainer (address at index.android.bundle:1:512493), stack:
03-18 18:12:50.315  6371  9739 E unknown:ReactNative: anonymous@1:845248
03-18 18:12:50.315  6371  9739 E unknown:ReactNative: RootLayout@1:2151632
03-18 18:12:50.315  6371  9739 E unknown:ReactNative: renderWithHooks@1:272144
03-18 18:12:50.315  6371  9739 E unknown:ReactNative: updateFunctionComponent@1:290901
03-18 18:12:50.315  6371  9739 E unknown:ReactNative: beginWork@1:298733
03-18 18:12:50.315  6371  9739 E unknown:ReactNative: performUnitOfWork@1:317368
03-18 18:12:50.315  6371  9739 E unknown:ReactNative: workLoopSync@1:316376
03-18 18:12:50.315  6371  9739 E unknown:ReactNative: renderRootSync@1:316208
03-18 18:12:50.315  6371  9739 E unknown:ReactNative: performWorkOnRoot@1:313854
03-18 18:12:50.315  6371  9739 E unknown:ReactNative: performWorkOnRootViaSchedulerTask@1:267613
03-18 18:12:50.320  6371  9739 W unknown:BridgelessReact: ReactHost{0}.handleHostException(message = "TypeError: Cannot read property 'useMemoCache' of null
03-18 18:12:50.320  6371  9739 W unknown:BridgelessReact: This error is located at:
03-18 18:12:50.321  6371  9739 E AndroidRuntime: FATAL EXCEPTION: mqt_v_native
03-18 18:12:50.321  6371  9739 E AndroidRuntime: com.facebook.react.common.JavascriptException: TypeError: Cannot read property 'useMemoCache' of null
03-18 18:12:50.321  6371  9739 E AndroidRuntime: This error is located at:
03-18 18:12:50.321  6371  9739 E AndroidRuntime:        at com.facebook.react.modules.core.ExceptionsManagerModule.reportException(ExceptionsManagerModule.kt:52)
03-18 18:12:54.723  6419  6474 E android.vending: Failed to open APK '/data/app/~~h9kqhdCwHj7ZsEf8S9cbFA==/com.wishme.app-p0bKh225zz8NEXssIjQtAg==/base.apk': I/O error
